Component: ARM Compiler 5.06 update 7 (build 960) Tool: armlink [4d3601]

==============================================================================

Section Cross References

    at32f421_int.o(i.DMA1_Channel1_IRQHandler) refers to at32f421_dma.o(i.dma_interrupt_flag_get) for dma_interrupt_flag_get
    at32f421_int.o(i.DMA1_Channel1_IRQHandler) refers to at32f421_dma.o(i.dma_flag_clear) for dma_flag_clear
    at32f421_int.o(i.DMA1_Channel1_IRQHandler) refers to main.o(.data) for ADC_LOOP_DATA
    at32f421_int.o(i.DMA1_Channel1_IRQHandler) refers to main.o(.constdata) for FFT_LENGTH
    at32f421_int.o(i.DMA1_Channel1_IRQHandler) refers to main.o(.bss) for ADC_DMA_data
    at32f421_int.o(i.TMR3_GLOBAL_IRQHandler) refers to at32f421_tmr.o(i.tmr_flag_get) for tmr_flag_get
    at32f421_int.o(i.TMR3_GLOBAL_IRQHandler) refers to at32f421_tmr.o(i.tmr_flag_clear) for tmr_flag_clear
    at32f421_int.o(i.TMR3_GLOBAL_IRQHandler) refers to at32f421_adc.o(i.adc_ordinary_software_trigger_enable) for adc_ordinary_software_trigger_enable
    at32f421_int.o(i.TMR6_GLOBAL_IRQHandler) refers to at32f421_tmr.o(i.tmr_flag_get) for tmr_flag_get
    at32f421_int.o(i.TMR6_GLOBAL_IRQHandler) refers to nixietube.o(i.table_bits_refresh) for table_bits_refresh
    at32f421_int.o(i.TMR6_GLOBAL_IRQHandler) refers to at32f421_tmr.o(i.tmr_flag_clear) for tmr_flag_clear
    at32f421_int.o(i.TMR6_GLOBAL_IRQHandler) refers to main.o(.data) for table_data
    at32f421_wk_config.o(i.wk_adc1_init) refers to at32f421_gpio.o(i.gpio_default_para_init) for gpio_default_para_init
    at32f421_wk_config.o(i.wk_adc1_init) refers to at32f421_gpio.o(i.gpio_init) for gpio_init
    at32f421_wk_config.o(i.wk_adc1_init) refers to at32f421_crm.o(i.crm_adc_clock_div_set) for crm_adc_clock_div_set
    at32f421_wk_config.o(i.wk_adc1_init) refers to at32f421_adc.o(i.adc_tempersensor_vintrv_enable) for adc_tempersensor_vintrv_enable
    at32f421_wk_config.o(i.wk_adc1_init) refers to at32f421_adc.o(i.adc_base_default_para_init) for adc_base_default_para_init
    at32f421_wk_config.o(i.wk_adc1_init) refers to at32f421_adc.o(i.adc_base_config) for adc_base_config
    at32f421_wk_config.o(i.wk_adc1_init) refers to at32f421_adc.o(i.adc_ordinary_channel_set) for adc_ordinary_channel_set
    at32f421_wk_config.o(i.wk_adc1_init) refers to at32f421_adc.o(i.adc_ordinary_conversion_trigger_set) for adc_ordinary_conversion_trigger_set
    at32f421_wk_config.o(i.wk_adc1_init) refers to at32f421_adc.o(i.adc_ordinary_part_mode_enable) for adc_ordinary_part_mode_enable
    at32f421_wk_config.o(i.wk_adc1_init) refers to at32f421_adc.o(i.adc_dma_mode_enable) for adc_dma_mode_enable
    at32f421_wk_config.o(i.wk_adc1_init) refers to at32f421_adc.o(i.adc_enable) for adc_enable
    at32f421_wk_config.o(i.wk_adc1_init) refers to at32f421_adc.o(i.adc_calibration_init) for adc_calibration_init
    at32f421_wk_config.o(i.wk_adc1_init) refers to at32f421_adc.o(i.adc_calibration_init_status_get) for adc_calibration_init_status_get
    at32f421_wk_config.o(i.wk_adc1_init) refers to at32f421_adc.o(i.adc_calibration_start) for adc_calibration_start
    at32f421_wk_config.o(i.wk_adc1_init) refers to at32f421_adc.o(i.adc_calibration_status_get) for adc_calibration_status_get
    at32f421_wk_config.o(i.wk_dma1_channel1_init) refers to at32f421_dma.o(i.dma_reset) for dma_reset
    at32f421_wk_config.o(i.wk_dma1_channel1_init) refers to at32f421_dma.o(i.dma_default_para_init) for dma_default_para_init
    at32f421_wk_config.o(i.wk_dma1_channel1_init) refers to at32f421_dma.o(i.dma_init) for dma_init
    at32f421_wk_config.o(i.wk_gpio_config) refers to at32f421_gpio.o(i.gpio_default_para_init) for gpio_default_para_init
    at32f421_wk_config.o(i.wk_gpio_config) refers to at32f421_gpio.o(i.gpio_init) for gpio_init
    at32f421_wk_config.o(i.wk_gpio_config) refers to at32f421_gpio.o(i.gpio_bits_reset) for gpio_bits_reset
    at32f421_wk_config.o(i.wk_nvic_config) refers to at32f421_misc.o(i.nvic_priority_group_config) for nvic_priority_group_config
    at32f421_wk_config.o(i.wk_nvic_config) refers to at32f421_misc.o(i.nvic_irq_enable) for nvic_irq_enable
    at32f421_wk_config.o(i.wk_periph_clock_config) refers to at32f421_crm.o(i.crm_periph_clock_enable) for crm_periph_clock_enable
    at32f421_wk_config.o(i.wk_system_clock_config) refers to at32f421_crm.o(i.crm_reset) for crm_reset
    at32f421_wk_config.o(i.wk_system_clock_config) refers to at32f421_crm.o(i.crm_clock_source_enable) for crm_clock_source_enable
    at32f421_wk_config.o(i.wk_system_clock_config) refers to at32f421_crm.o(i.crm_flag_get) for crm_flag_get
    at32f421_wk_config.o(i.wk_system_clock_config) refers to at32f421_crm.o(i.crm_pll_config) for crm_pll_config
    at32f421_wk_config.o(i.wk_system_clock_config) refers to at32f421_crm.o(i.crm_ahb_div_set) for crm_ahb_div_set
    at32f421_wk_config.o(i.wk_system_clock_config) refers to at32f421_crm.o(i.crm_apb2_div_set) for crm_apb2_div_set
[...]
    Removing arm_common_tables.o(.rodata.sinTable_f32), (2052 bytes).
    Removing arm_common_tables.o(.rodata.sinTable_q31), (2052 bytes).
    Removing arm_common_tables.o(.rodata.sinTable_q15), (1026 bytes).

329 unused section(s) (total 892596 bytes) removed from the image.

==============================================================================

Image Symbol Table

    Local Symbols

    Symbol Name                              Value     Ov Type        Size  Object(Section)

    ../clib/angel/boardlib.s                 0x00000000   Number         0  boardinit1.o ABSOLUTE
    ../clib/angel/boardlib.s                 0x00000000   Number         0  boardinit2.o ABSOLUTE
    ../clib/angel/boardlib.s                 0x00000000   Number         0  boardinit3.o ABSOLUTE
    ../clib/angel/boardlib.s                 0x00000000   Number         0  boardshut.o ABSOLUTE
    ../clib/angel/handlers.s                 0x00000000   Number         0  __scatter_copy.o ABSOLUTE
    ../clib/angel/handlers.s                 0x00000000   Number         0  __scatter_zi.o ABSOLUTE
    ../clib/angel/kernel.s                   0x00000000   Number         0  __rtentry2.o ABSOLUTE
    ../clib/angel/kernel.s                   0x00000000   Number         0  __rtentry4.o ABSOLUTE
    ../clib/angel/kernel.s                   0x00000000   Number         0  __rtentry.o ABSOLUTE
    ../clib/angel/kernel.s                   0x00000000   Number         0  rtexit.o ABSOLUTE
    ../clib/angel/kernel.s                   0x00000000   Number         0  rtexit2.o ABSOLUTE
    ../clib/angel/rt.s                       0x00000000   Number         0  rt_div0.o ABSOLUTE
    ../clib/angel/rt.s                       0x00000000   Number         0  aeabi_ldiv0_sigfpe.o ABSOLUTE
    ../clib/angel/rt.s                       0x00000000   Number         0  aeabi_ldiv0.o ABSOLUTE
    ../clib/angel/rt.s                       0x00000000   Number         0  rt_errno_addr.o ABSOLUTE
    ../clib/angel/rt.s                       0x00000000   Number         0  rt_errno_addr_intlibspace.o ABSOLUTE
    ../clib/angel/rt.s                       0x00000000   Number         0  rt_raise.o ABSOLUTE
    ../clib/angel/scatter.s                  0x00000000   Number         0  __scatter.o ABSOLUTE
    ../clib/angel/startup.s                  0x00000000   Number         0  __main.o ABSOLUTE
    ../clib/angel/sys.s                      0x00000000   Number         0  use_no_semi.o ABSOLUTE
    ../clib/angel/sys.s                      0x00000000   Number         0  libspace.o ABSOLUTE
    ../clib/angel/sys.s                      0x00000000   Number         0  sys_stackheap_outer.o ABSOLUTE
    ../clib/angel/sys.s                      0x00000000   Number         0  indicate_semi.o ABSOLUTE
    ../clib/angel/sysapp.c                   0x00000000   Number         0  sys_wrch.o ABSOLUTE
    ../clib/angel/sysapp.c                   0x00000000   Number         0  sys_exit.o ABSOLUTE
    ../clib/angel/sysapp.c                   0x00000000   Number         0  sys_command.o ABSOLUTE
    ../clib/armsys.c                         0x00000000   Number         0  no_argv.o ABSOLUTE
    ../clib/armsys.c                         0x00000000   Number         0  argv_veneer.o ABSOLUTE
    ../clib/armsys.c                         0x00000000   Number         0  _get_argv_nomalloc.o ABSOLUTE
    ../clib/armsys.c                         0x00000000   Number         0  argv_veneer.o ABSOLUTE
    ../clib/fenv.c                           0x00000000   Number         0  _rserrno.o ABSOLUTE
    ../clib/heapalloc.c                      0x00000000   Number         0  hrguard.o ABSOLUTE
    ../clib/heapaux.c                        0x00000000   Number         0  heapauxi.o ABSOLUTE
    ../clib/libinit.s                        0x00000000   Number         0  libshutdown2.o ABSOLUTE
    ../clib/libinit.s                        0x00000000   Number         0  libinit.o ABSOLUTE
    ../clib/libinit.s                        0x00000000   Number         0  libinit2.o ABSOLUTE
    ../clib/libinit.s                        0x00000000   Number         0  libshutdown.o ABSOLUTE
    ../clib/longlong.s                       0x00000000   Number         0  lludivv7m.o ABSOLUTE
    ../clib/signal.c                         0x00000000   Number         0  defsig_segv_inner.o ABSOLUTE
    ../clib/signal.c                         0x00000000   Number         0  defsig_fpe_outer.o ABSOLUTE
    ../clib/signal.c                         0x00000000   Number         0  defsig_rtred_inner.o ABSOLUTE
    ../clib/signal.c                         0x00000000   Number         0  defsig_rtmem_inner.o ABSOLUTE
    ../clib/signal.c                         0x00000000   Number         0  defsig_general.o ABSOLUTE
    ../clib/signal.c                         0x00000000   Number         0  defsig_cppl_inner.o ABSOLUTE
    ../clib/signal.c                         0x00000000   Number         0  __raise.o ABSOLUTE
    ../clib/signal.c                         0x00000000   Number         0  defsig_pvfn_inner.o ABSOLUTE
    ../clib/signal.c                         0x00000000   Number         0  defsig_stak_inner.o ABSOLUTE
    ../clib/signal.c                         0x00000000   Number         0  defsig_rtmem_formal.o ABSOLUTE
    ../clib/signal.c                         0x00000000   Number         0  defsig_fpe_formal.o ABSOLUTE
    ../clib/signal.c                         0x00000000   Number         0  defsig_other.o ABSOLUTE
    ../clib/signal.c                         0x00000000   Number         0  defsig_fpe_inner.o ABSOLUTE
    ../clib/signal.c                         0x00000000   Number         0  defsig_exit.o ABSOLUTE
    ../clib/signal.c                         0x00000000   Number         0  defsig_abrt_inner.o ABSOLUTE
    ../clib/signal.c                         0x00000000   Number         0  defsig_rtmem_outer.o ABSOLUTE
    ../clib/signal.s                         0x00000000   Number         0  defsig.o ABSOLUTE
    ../clib/stdlib.c                         0x00000000   Number         0  exit.o ABSOLUTE
    ../fplib/d2f.s                           0x00000000   Number         0  d2f.o ABSOLUTE
    ../fplib/dcmpi.s                         0x00000000   Number         0  dcmpi.o ABSOLUTE
    ../fplib/ddiv.s                          0x00000000   Number         0  ddiv.o ABSOLUTE
    ../fplib/dleqf.s                         0x00000000   Number         0  dleqf.o ABSOLUTE
    ../fplib/dmul.s                          0x00000000   Number         0  dmul.o ABSOLUTE
    ../fplib/dnaninf.s                       0x00000000   Number         0  dnaninf.o ABSOLUTE
    ../fplib/dretinf.s                       0x00000000   Number         0  dretinf.o ABSOLUTE
    ../fplib/dsqrt.s                         0x00000000   Number         0  dsqrt_umaal.o ABSOLUTE
    ../fplib/f2d.s                           0x00000000   Number         0  f2d.o ABSOLUTE
    ../fplib/faddsub.s                       0x00000000   Number         0  faddsub_clz.o ABSOLUTE
    ../fplib/fcmpi.s                         0x00000000   Number         0  fcmpi.o ABSOLUTE
    ../fplib/fdiv.s                          0x00000000   Number         0  fdiv.o ABSOLUTE
    ../fplib/ffix.s                          0x00000000   Number         0  ffix.o ABSOLUTE
    ../fplib/fflt.s                          0x00000000   Number         0  fflt_clz.o ABSOLUTE
    ../fplib/fleqf.s                         0x00000000   Number         0  fleqf.o ABSOLUTE
    ../fplib/fmul.s                          0x00000000   Number         0  fmul.o ABSOLUTE
    ../fplib/fnaninf.s                       0x00000000   Number         0  fnaninf.o ABSOLUTE
    ../fplib/fpinit.s                        0x00000000   Number         0  fpinit.o ABSOLUTE
    ../fplib/fretinf.s                       0x00000000   Number         0  fretinf.o ABSOLUTE
    ../fplib/frleqf.s                        0x00000000   Number         0  frleqf.o ABSOLUTE
    ../fplib/usenofp.s                       0x00000000   Number         0  usenofp.o ABSOLUTE
    ../mathlib/sqrt.c                        0x00000000   Number         0  sqrt.o ABSOLUTE
    ../mathlib/sqrt.c                        0x00000000   Number         0  sqrt_x.o ABSOLUTE
    ..\..\libraries\cmsis\cm4\device_support\system_at32f421.c 0x00000000   Number         0  system_at32f421.o ABSOLUTE
    ..\..\libraries\drivers\src\at32f421_adc.c 0x00000000   Number         0  at32f421_adc.o ABSOLUTE
    ..\..\libraries\drivers\src\at32f421_crm.c 0x00000000   Number         0  at32f421_crm.o ABSOLUTE
    ..\..\libraries\drivers\src\at32f421_debug.c 0x00000000   Number         0  at32f421_debug.o ABSOLUTE
    ..\..\libraries\drivers\src\at32f421_dma.c 0x00000000   Number         0  at32f421_dma.o ABSOLUTE
    ..\..\libraries\drivers\src\at32f421_flash.c 0x00000000   Number         0  at32f421_flash.o ABSOLUTE
    ..\..\libraries\drivers\src\at32f421_gpio.c 0x00000000   Number         0  at32f421_gpio.o ABSOLUTE
    ..\..\libraries\drivers\src\at32f421_misc.c 0x00000000   Number         0  at32f421_misc.o ABSOLUTE
    ..\..\libraries\drivers\src\at32f421_pwc.c 0x00000000   Number         0  at32f421_pwc.o ABSOLUTE
    ..\..\libraries\drivers\src\at32f421_scfg.c 0x00000000   Number         0  at32f421_scfg.o ABSOLUTE
    ..\..\libraries\drivers\src\at32f421_tmr.c 0x00000000   Number         0  at32f421_tmr.o ABSOLUTE
    ..\\..\\libraries\\cmsis\\cm4\\device_support\\system_at32f421.c 0x00000000   Number         0  system_at32f421.o ABSOLUTE
    ..\\..\\libraries\\drivers\\src\\at32f421_adc.c 0x00000000   Number         0  at32f421_adc.o ABSOLUTE
    ..\\..\\libraries\\drivers\\src\\at32f421_crm.c 0x00000000   Number         0  at32f421_crm.o ABSOLUTE
    ..\\..\\libraries\\drivers\\src\\at32f421_debug.c 0x00000000   Number         0  at32f421_debug.o ABSOLUTE
    ..\\..\\libraries\\drivers\\src\\at32f421_dma.c 0x00000000   Number         0  at32f421_dma.o ABSOLUTE
    ..\\..\\libraries\\drivers\\src\\at32f421_flash.c 0x00000000   Number         0  at32f421_flash.o ABSOLUTE
    ..\\..\\libraries\\drivers\\src\\at32f421_gpio.c 0x00000000   Number         0  at32f421_gpio.o ABSOLUTE
    ..\\..\\libraries\\drivers\\src\\at32f421_misc.c 0x00000000   Number         0  at32f421_misc.o ABSOLUTE
    ..\\..\\libraries\\drivers\\src\\at32f421_pwc.c 0x00000000   Number         0  at32f421_pwc.o ABSOLUTE
    ..\\..\\libraries\\drivers\\src\\at32f421_scfg.c 0x00000000   Number         0  at32f421_scfg.o ABSOLUTE
    ..\\..\\libraries\\drivers\\src\\at32f421_tmr.c 0x00000000   Number         0  at32f421_tmr.o ABSOLUTE
    ..\\src\\adc_sampling.c                  0x00000000   Number         0  adc_sampling.o ABSOLUTE
    ..\\src\\at32f421_int.c                  0x00000000   Number         0  at32f421_int.o ABSOLUTE
    ..\\src\\at32f421_wk_config.c            0x00000000   Number         0  at32f421_wk_config.o ABSOLUTE
    ..\\src\\flash.c                         0x00000000   Number         0  flash.o ABSOLUTE
    ..\\src\\main.c                          0x00000000   Number         0  main.o ABSOLUTE
    ..\\src\\nixietube.c                     0x00000000   Number         0  nixietube.o ABSOLUTE
    ..\\src\\subroutine.c                    0x00000000   Number         0  subroutine.o ABSOLUTE
    ..\src\adc_sampling.c                    0x00000000   Number         0  adc_sampling.o ABSOLUTE
    ..\src\at32f421_int.c                    0x00000000   Number         0  at32f421_int.o ABSOLUTE
    ..\src\at32f421_wk_config.c              0x00000000   Number         0  at32f421_wk_config.o ABSOLUTE
    ..\src\flash.c                           0x00000000   Number         0  flash.o ABSOLUTE
    ..\src\main.c                            0x00000000   Number         0  main.o ABSOLUTE
    ..\src\nixietube.c                       0x00000000   Number         0  nixietube.o ABSOLUTE
    ..\src\subroutine.c                      0x00000000   Number         0  subroutine.o ABSOLUTE
    arm_cfft_radix2_init_f32.c               0x00000000   Number         0  arm_cfft_radix2_init_f32.o ABSOLUTE
    arm_common_tables.c                      0x00000000   Number         0  arm_common_tables.o ABSOLUTE
    dc.s                                     0x00000000   Number         0  dc.o ABSOLUTE
    startup_at32f421.s                       0x00000000   Number         0  startup_at32f421.o ABSOLUTE
    RESET                                    0x08000000   Section      204  startup_at32f421.o(RESET)
    !!!main                                  0x080000cc   Section        8  __main.o(!!!main)
    !!!scatter                               0x080000d4   Section       52  __scatter.o(!!!scatter)
    !!handler_copy                           0x08000108   Section       26  __scatter_copy.o(!!handler_copy)
    !!handler_zi                             0x08000124   Section       28  __scatter_zi.o(!!handler_zi)
    .ARM.Collect$$libinit$$00000000          0x08000140   Section        2  libinit.o(.ARM.Collect$$libinit$$00000000)
    .ARM.Collect$$libinit$$00000002          0x08000142   Section        0  libinit2.o(.ARM.Collect$$libinit$$00000002)
    .ARM.Collect$$libinit$$00000004          0x08000142   Section        0  libinit2.o(.ARM.Collect$$libinit$$00000004)
    .ARM.Collect$$libinit$$0000000A          0x08000142   Section        0  libinit2.o(.ARM.Collect$$libinit$$0000000A)
    .ARM.Collect$$libinit$$0000000C          0x08000142   Section        0  libinit2.o(.ARM.Collect$$libinit$$0000000C)
    .ARM.Collect$$libinit$$0000000E          0x08000142   Section        0  libinit2.o(.ARM.Collect$$libinit$$0000000E)
    .ARM.Collect$$libinit$$00000011          0x08000142   Section        0  libinit2.o(.ARM.Collect$$libinit$$00000011)
    .ARM.Collect$$libinit$$00000013          0x08000142   Section        0  libinit2.o(.ARM.Collect$$libinit$$00000013)
    .ARM.Collect$$libinit$$00000015          0x08000142   Section        0  libinit2.o(.ARM.Collect$$libinit$$00000015)
    .ARM.Collect$$libinit$$00000017          0x08000142   Section        0  libinit2.o(.ARM.Collect$$libinit$$00000017)
    .ARM.Collect$$libinit$$00000019          0x08000142   Section        0  libinit2.o(.ARM.Collect$$libinit$$00000019)
    .ARM.Collect$$libinit$$0000001B          0x08000142   Section        0  libinit2.o(.ARM.Collect$$libinit$$0000001B)
    .ARM.Collect$$libinit$$0000001D          0x08000142   Section        0  libinit2.o(.ARM.Collect$$libinit$$0000001D)
    .ARM.Collect$$libinit$$0000001F          0x08000142   Section        0  libinit2.o(.ARM.Collect$$libinit$$0000001F)
    .ARM.Collect$$libinit$$00000021          0x08000142   Section        0  libinit2.o(.ARM.Collect$$libinit$$00000021)
    .ARM.Collect$$libinit$$00000023          0x08000142   Section        0  libinit2.o(.ARM.Collect$$libinit$$00000023)
    .ARM.Collect$$libinit$$00000025          0x08000142   Section        0  libinit2.o(.ARM.Collect$$libinit$$00000025)
    .ARM.Collect$$libinit$$0000002C          0x08000142   Section        0  libinit2.o(.ARM.Collect$$libinit$$0000002C)
    .ARM.Collect$$libinit$$0000002E          0x08000142   Section        0  libinit2.o(.ARM.Collect$$libinit$$0000002E)
    .ARM.Collect$$libinit$$00000030          0x08000142   Section        0  libinit2.o(.ARM.Collect$$libinit$$00000030)
    .ARM.Collect$$libinit$$00000032          0x08000142   Section        0  libinit2.o(.ARM.Collect$$libinit$$00000032)
    .ARM.Collect$$libinit$$00000033          0x08000142   Section        2  libinit2.o(.ARM.Collect$$libinit$$00000033)
    .ARM.Collect$$libshutdown$$00000000      0x08000144   Section        2  libshutdown.o(.ARM.Collect$$libshutdown$$00000000)
    .ARM.Collect$$libshutdown$$00000002      0x08000146   Section        0  libshutdown2.o(.ARM.Collect$$libshutdown$$00000002)
    .ARM.Collect$$libshutdown$$00000004      0x08000146   Section        0  libshutdown2.o(.ARM.Collect$$libshutdown$$00000004)
    .ARM.Collect$$libshutdown$$00000006      0x08000146   Section        0  libshutdown2.o(.ARM.Collect$$libshutdown$$00000006)
    .ARM.Collect$$libshutdown$$00000009      0x08000146   Section        0  libshutdown2.o(.ARM.Collect$$libshutdown$$00000009)
    .ARM.Collect$$libshutdown$$0000000C      0x08000146   Section        0  libshutdown2.o(.ARM.Collect$$libshutdown$$0000000C)
    .ARM.Collect$$libshutdown$$0000000E      0x08000146   Section        0  libshutdown2.o(.ARM.Collect$$libshutdown$$0000000E)
    .ARM.Collect$$libshutdown$$00000011      0x08000146   Section        0  libshutdown2.o(.ARM.Collect$$libshutdown$$00000011)
    .ARM.Collect$$libshutdown$$00000012      0x08000146   Section        2  libshutdown2.o(.ARM.Collect$$libshutdown$$00000012)
    .ARM.Collect$$rtentry$$00000000          0x08000148   Section        0  __rtentry.o(.ARM.Collect$$rtentry$$00000000)
    .ARM.Collect$$rtentry$$00000002          0x08000148   Section        0  __rtentry2.o(.ARM.Collect$$rtentry$$00000002)
    .ARM.Collect$$rtentry$$00000004          0x08000148   Section        6  __rtentry4.o(.ARM.Collect$$rtentry$$00000004)
    .ARM.Collect$$rtentry$$00000009          0x0800014e   Section        0  __rtentry2.o(.ARM.Collect$$rtentry$$00000009)
    .ARM.Collect$$rtentry$$0000000A          0x0800014e   Section        4  __rtentry2.o(.ARM.Collect$$rtentry$$0000000A)
    .ARM.Collect$$rtentry$$0000000C          0x08000152   Section        0  __rtentry2.o(.ARM.Collect$$rtentry$$0000000C)
    .ARM.Collect$$rtentry$$0000000D          0x08000152   Section        8  __rtentry2.o(.ARM.Collect$$rtentry$$0000000D)
    .ARM.Collect$$rtexit$$00000000           0x0800015a   Section        2  rtexit.o(.ARM.Collect$$rtexit$$00000000)
    .ARM.Collect$$rtexit$$00000002           0x0800015c   Section        0  rtexit2.o(.ARM.Collect$$rtexit$$00000002)
    .ARM.Collect$$rtexit$$00000003           0x0800015c   Section        4  rtexit2.o(.ARM.Collect$$rtexit$$00000003)
    .ARM.Collect$$rtexit$$00000004           0x08000160   Section        6  rtexit2.o(.ARM.Collect$$rtexit$$00000004)
    .text                                    0x08000168   Section       64  startup_at32f421.o(.text)
    .text                                    0x080001a8   Section      238  lludivv7m.o(.text)
    .text                                    0x08000296   Section        0  heapauxi.o(.text)
    .text                                    0x0800029c   Section        0  _rserrno.o(.text)
    .text                                    0x080002b4   Section        8  rt_errno_addr_intlibspace.o(.text)
    .text                                    0x080002bc   Section        8  libspace.o(.text)
    .text                                    0x080002c4   Section       74  sys_stackheap_outer.o(.text)
    .text                                    0x0800030e   Section        0  exit.o(.text)
    .text                                    0x08000320   Section        0  sys_exit.o(.text)
    .text                                    0x0800032c   Section        2  use_no_semi.o(.text)
    [Anonymous Symbol]                       0x0800032e   Section        0  arm_cfft_radix2_init_f32.o(.text.arm_cfft_radix2_init_f32)
    .text                                    0x0800032e   Section        0  indicate_semi.o(.text)
    i.BusFault_Handler                       0x080003ec   Section        0  at32f421_int.o(i.BusFault_Handler)
    i.DMA1_Channel1_IRQHandler               0x080003f0   Section        0  at32f421_int.o(i.DMA1_Channel1_IRQHandler)
    i.DebugMon_Handler                       0x080004b4   Section        0  at32f421_int.o(i.DebugMon_Handler)
    i.FFT_ADC_COMPUTE                        0x080004b8   Section        0  main.o(i.FFT_ADC_COMPUTE)
    i.HardFault_Handler                      0x08000558   Section        0  at32f421_int.o(i.HardFault_Handler)
    i.MemManage_Handler                      0x0800055c   Section        0  at32f421_int.o(i.MemManage_Handler)
    i.NMI_Handler                            0x08000560   Section        0  at32f421_int.o(i.NMI_Handler)
    i.PendSV_Handler                         0x08000562   Section        0  at32f421_int.o(i.PendSV_Handler)
    i.SMG_display_BIT                        0x08000564   Section        0  nixietube.o(i.SMG_display_BIT)
    i.SMG_display_HC164                      0x08000950   Section        0  nixietube.o(i.SMG_display_HC164)
    i.SVC_Handler                            0x080009ec   Section        0  at32f421_int.o(i.SVC_Handler)
    i.SystemInit                             0x080009f0   Section        0  system_at32f421.o(i.SystemInit)
    i.TMR14_GLOBAL_IRQHandler                0x08000a5c   Section        0  at32f421_int.o(i.TMR14_GLOBAL_IRQHandler)
    i.TMR3_GLOBAL_IRQHandler                 0x08000a60   Section        0  at32f421_int.o(i.TMR3_GLOBAL_IRQHandler)
    i.TMR6_GLOBAL_IRQHandler                 0x08000a88   Section        0  at32f421_int.o(i.TMR6_GLOBAL_IRQHandler)
    i.UsageFault_Handler                     0x08000ac0   Section        0  at32f421_int.o(i.UsageFault_Handler)
    i.User_Set_Def                           0x08000ac4   Section        0  adc_sampling.o(i.User_Set_Def)
    i.User_Set_Parameter                     0x08000b14   Section        0  adc_sampling.o(i.User_Set_Parameter)
    i.adc_base_config                        0x08002288   Section        0  at32f421_adc.o(i.adc_base_config)
    i.adc_base_default_para_init             0x080022b4   Section        0  at32f421_adc.o(i.adc_base_default_para_init)
    i.adc_calibration_init                   0x080022c2   Section        0  at32f421_adc.o(i.adc_calibration_init)
    i.adc_calibration_init_status_get        0x080022ce   Section        0  at32f421_adc.o(i.adc_calibration_init_status_get)
    i.adc_calibration_start                  0x080022e0   Section        0  at32f421_adc.o(i.adc_calibration_start)
    i.adc_calibration_status_get             0x080022ec   Section        0  at32f421_adc.o(i.adc_calibration_status_get)
    i.adc_dma_mode_enable                    0x080022fe   Section        0  at32f421_adc.o(i.adc_dma_mode_enable)
    i.adc_enable                             0x08002308   Section        0  at32f421_adc.o(i.adc_enable)
    i.adc_ordinary_channel_set               0x08002312   Section        0  at32f421_adc.o(i.adc_ordinary_channel_set)
    i.adc_ordinary_conversion_trigger_set    0x080023ba   Section        0  at32f421_adc.o(i.adc_ordinary_conversion_trigger_set)
    i.adc_ordinary_part_mode_enable          0x080023da   Section        0  at32f421_adc.o(i.adc_ordinary_part_mode_enable)
    i.adc_ordinary_software_trigger_enable   0x080023e4   Section        0  at32f421_adc.o(i.adc_ordinary_software_trigger_enable)
    i.adc_tempersensor_vintrv_enable         0x080023f0   Section        0  at32f421_adc.o(i.adc_tempersensor_vintrv_enable)
    i.crm_adc_clock_div_set                  0x08002404   Section        0  at32f421_crm.o(i.crm_adc_clock_div_set)
    i.crm_ahb_div_set                        0x08002424   Section        0  at32f421_crm.o(i.crm_ahb_div_set)
    i.crm_apb1_div_set                       0x08002438   Section        0  at32f421_crm.o(i.crm_apb1_div_set)
    i.crm_apb2_div_set                       0x0800244c   Section        0  at32f421_crm.o(i.crm_apb2_div_set)
    i.crm_clock_source_enable                0x08002460   Section        0  at32f421_crm.o(i.crm_clock_source_enable)
    i.crm_flag_get                           0x080024c0   Section        0  at32f421_crm.o(i.crm_flag_get)
    i.crm_periph_clock_enable                0x080024f0   Section        0  at32f421_crm.o(i.crm_periph_clock_enable)
    i.crm_pll_config                         0x08002534   Section        0  at32f421_crm.o(i.crm_pll_config)
    i.crm_reset                              0x08002648   Section        0  at32f421_crm.o(i.crm_reset)
    i.crm_sysclk_switch                      0x080026ac   Section        0  at32f421_crm.o(i.crm_sysclk_switch)
    i.crm_sysclk_switch_status_get           0x080026e8   Section        0  at32f421_crm.o(i.crm_sysclk_switch_status_get)
    i.data_conversion                        0x080026f8   Section        0  subroutine.o(i.data_conversion)
    i.dma_channel_enable                     0x080028cc   Section        0  at32f421_dma.o(i.dma_channel_enable)
    i.dma_default_para_init                  0x080028d6   Section        0  at32f421_dma.o(i.dma_default_para_init)
    i.dma_flag_clear                         0x080028f0   Section        0  at32f421_dma.o(i.dma_flag_clear)
    i.dma_init                               0x080028fc   Section        0  at32f421_dma.o(i.dma_init)
    i.dma_interrupt_enable                   0x08002958   Section        0  at32f421_dma.o(i.dma_interrupt_enable)
    i.dma_interrupt_flag_get                 0x0800296c   Section        0  at32f421_dma.o(i.dma_interrupt_flag_get)
    i.dma_reset                              0x08002988   Section        0  at32f421_dma.o(i.dma_reset)
    i.fft_to_array                           0x080029c0   Section        0  nixietube.o(i.fft_to_array)
    i.flash_flag_clear                       0x08002bc0   Section        0  at32f421_flash.o(i.flash_flag_clear)
    i.flash_halfword_program                 0x08002bcc   Section        0  at32f421_flash.o(i.flash_halfword_program)
    i.flash_lock                             0x08002c04   Section        0  at32f421_flash.o(i.flash_lock)
    i.flash_operation_status_get             0x08002c18   Section        0  at32f421_flash.o(i.flash_operation_status_get)
    i.flash_operation_wait_for               0x08002c4c   Section        0  at32f421_flash.o(i.flash_operation_wait_for)
    i.flash_read                             0x08002c70   Section        0  flash.o(i.flash_read)
    i.flash_sector_erase                     0x08002c8c   Section        0  at32f421_flash.o(i.flash_sector_erase)
    i.flash_unlock                           0x08002ccc   Section        0  at32f421_flash.o(i.flash_unlock)
    i.flash_write                            0x08002ce4   Section        0  flash.o(i.flash_write)
    i.flash_write_nocheck                    0x08002e04   Section        0  flash.o(i.flash_write_nocheck)
    i.gpio_bits_reset                        0x08002e3c   Section        0  at32f421_gpio.o(i.gpio_bits_reset)
    i.gpio_bits_write                        0x08002e40   Section        0  at32f421_gpio.o(i.gpio_bits_write)
    i.gpio_default_para_init                 0x08002e4a   Section        0  at32f421_gpio.o(i.gpio_default_para_init)
    i.gpio_init                              0x08002e5e   Section        0  at32f421_gpio.o(i.gpio_init)
    i.gpio_input_data_bit_read               0x08002ed8   Section        0  at32f421_gpio.o(i.gpio_input_data_bit_read)
    i.gpio_input_data_read                   0x08002eea   Section        0  at32f421_gpio.o(i.gpio_input_data_read)
    i.main                                   0x08002ef4   Section        0  main.o(i.main)
    i.nvic_irq_enable                        0x08003050   Section        0  at32f421_misc.o(i.nvic_irq_enable)
    i.nvic_priority_group_config             0x08003118   Section        0  at32f421_misc.o(i.nvic_priority_group_config)
    i.power_action                           0x08003140   Section        0  subroutine.o(i.power_action)
    i.sqrt                                   0x080031ac   Section        0  sqrt.o(i.sqrt)
    i.start_countdown                        0x080031f8   Section        0  nixietube.o(i.start_countdown)
    i.system_core_clock_update               0x080032b4   Section        0  system_at32f421.o(i.system_core_clock_update)
    i.table_bits_refresh                     0x08003408   Section        0  nixietube.o(i.table_bits_refresh)
    i.tmr_base_init                          0x08003428   Section        0  at32f421_tmr.o(i.tmr_base_init)
    i.tmr_clock_source_div_set               0x08003438   Section        0  at32f421_tmr.o(i.tmr_clock_source_div_set)
    i.tmr_cnt_dir_set                        0x08003442   Section        0  at32f421_tmr.o(i.tmr_cnt_dir_set)
    i.tmr_counter_enable                     0x0800344c   Section        0  at32f421_tmr.o(i.tmr_counter_enable)
    i.tmr_flag_clear                         0x08003456   Section        0  at32f421_tmr.o(i.tmr_flag_clear)
    i.tmr_flag_get                           0x0800345c   Section        0  at32f421_tmr.o(i.tmr_flag_get)
    i.tmr_interrupt_enable                   0x0800346e   Section        0  at32f421_tmr.o(i.tmr_interrupt_enable)
    i.tmr_overflow_request_source_set        0x08003484   Section        0  at32f421_tmr.o(i.tmr_overflow_request_source_set)
    i.tmr_period_buffer_enable               0x0800348e   Section        0  at32f421_tmr.o(i.tmr_period_buffer_enable)
    i.tmr_primary_mode_select                0x08003498   Section        0  at32f421_tmr.o(i.tmr_primary_mode_select)
    i.tmr_sub_sync_mode_set                  0x080034a2   Section        0  at32f421_tmr.o(i.tmr_sub_sync_mode_set)
    i.wk_adc1_init                           0x080034ac   Section        0  at32f421_wk_config.o(i.wk_adc1_init)
    i.wk_dma1_channel1_init                  0x08003600   Section        0  at32f421_wk_config.o(i.wk_dma1_channel1_init)
    i.wk_dma_channel_config                  0x08003644   Section        0  at32f421_wk_config.o(i.wk_dma_channel_config)
    i.wk_gpio_config                         0x0800364c   Section        0  at32f421_wk_config.o(i.wk_gpio_config)
    i.wk_nvic_config                         0x08003754   Section        0  at32f421_wk_config.o(i.wk_nvic_config)
    i.wk_periph_clock_config                 0x08003788   Section        0  at32f421_wk_config.o(i.wk_periph_clock_config)
    i.wk_system_clock_config                 0x080037f8   Section        0  at32f421_wk_config.o(i.wk_system_clock_config)
    i.wk_tmr14_init                          0x0800387c   Section        0  at32f421_wk_config.o(i.wk_tmr14_init)
    i.wk_tmr3_init                           0x080038b0   Section        0  at32f421_wk_config.o(i.wk_tmr3_init)
    i.wk_tmr6_init                           0x080038f4   Section        0  at32f421_wk_config.o(i.wk_tmr6_init)
    x$fpl$d2f                                0x08003928   Section       98  d2f.o(x$fpl$d2f)
    x$fpl$dmul                               0x0800398c   Section      340  dmul.o(x$fpl$dmul)
    x$fpl$dnaninf                            0x08003ae0   Section      156  dnaninf.o(x$fpl$dnaninf)
    x$fpl$dretinf                            0x08003b7c   Section       12  dretinf.o(x$fpl$dretinf)
    x$fpl$dsqrt                              0x08003b88   Section      408  dsqrt_umaal.o(x$fpl$dsqrt)
    x$fpl$f2d                                0x08003d20   Section       86  f2d.o(x$fpl$f2d)
    x$fpl$fadd                               0x08003d78   Section      196  faddsub_clz.o(x$fpl$fadd)
    _fadd1                                   0x08003d87   Thumb Code     0  faddsub_clz.o(x$fpl$fadd)
    x$fpl$fcmpinf                            0x08003e3c   Section       24  fcmpi.o(x$fpl$fcmpinf)
    x$fpl$fdiv                               0x08003e54   Section      388  fdiv.o(x$fpl$fdiv)
    _fdiv1                                   0x08003e55   Thumb Code     0  fdiv.o(x$fpl$fdiv)
    x$fpl$ffix                               0x08003fd8   Section       54  ffix.o(x$fpl$ffix)
    x$fpl$fflt                               0x08004010   Section       48  fflt_clz.o(x$fpl$fflt)
    x$fpl$ffltu                              0x08004040   Section       38  fflt_clz.o(x$fpl$ffltu)
    x$fpl$fleqf                              0x08004068   Section      104  fleqf.o(x$fpl$fleqf)
    x$fpl$fmul                               0x080040d0   Section      258  fmul.o(x$fpl$fmul)
    x$fpl$fnaninf                            0x080041d2   Section      140  fnaninf.o(x$fpl$fnaninf)
    x$fpl$fretinf                            0x0800425e   Section       10  fretinf.o(x$fpl$fretinf)
    x$fpl$frleqf                             0x08004268   Section       98  frleqf.o(x$fpl$frleqf)
    x$fpl$fsub                               0x080042cc   Section      234  faddsub_clz.o(x$fpl$fsub)
    _fsub1                                   0x080042db   Thumb Code     0  faddsub_clz.o(x$fpl$fsub)
    x$fpl$usenofp                            0x080043b6   Section        0  usenofp.o(x$fpl$usenofp)
    .constdata                               0x080043b8   Section       14  main.o(.constdata)
    .constdata                               0x080043c6   Section       21  adc_sampling.o(.constdata)
    .constdata                               0x080043db   Section       16  system_at32f421.o(.constdata)
    sys_ahb_div_table                        0x080043db   Data          16  system_at32f421.o(.constdata)
    .data                                    0x20000000   Section       66  main.o(.data)
    .data                                    0x20000044   Section        4  system_at32f421.o(.data)
    .bss                                     0x20000048   Section    13420  main.o(.bss)
    .bss                                     0x200034b4   Section     1024  flash.o(.bss)
    .bss                                     0x200038b4   Section       96  libspace.o(.bss)
    HEAP                                     0x20003918   Section      512  startup_at32f421.o(HEAP)
    Heap_Mem                                 0x20003918   Data         512  startup_at32f421.o(HEAP)
    STACK                                    0x20003b18   Section     1024  startup_at32f421.o(STACK)
    Stack_Mem                                0x20003b18   Data        1024  startup_at32f421.o(STACK)
    __initial_sp                             0x20003f18   Data           0  startup_at32f421.o(STACK)

    Global Symbols

    Symbol Name                              Value     Ov Type        Size  Object(Section)

    BuildAttributes$$THM_ISAv4$E$P$D$K$B$S$7EM$PE$A:L22UL41UL21$X:L11$S22US41US21$IEEE1$IW$USESV6$~STKCKD$USESV7$~SHL$OTIME$ROPI$IEEEJ$EBA8$UX$STANDARDLIB$REQ8$PRES8$EABIv2 0x00000000   Number         0  anon$$obj.o ABSOLUTE
    __ARM_use_no_argv                        0x00000000   Number         0  main.o ABSOLUTE
    __ARM_exceptions_init                     - Undefined Weak Reference
    __alloca_initialize                       - Undefined Weak Reference
    __arm_fini_                               - Undefined Weak Reference
    __arm_preinit_                            - Undefined Weak Reference
    __cpp_initialize__aeabi_                  - Undefined Weak Reference
    __cxa_finalize                            - Undefined Weak Reference
    __rt_locale                               - Undefined Weak Reference
    __sigvec_lookup                           - Undefined Weak Reference
    _atexit_init                              - Undefined Weak Reference
    _call_atexit_fns                          - Undefined Weak Reference
    _clock_init                               - Undefined Weak Reference
    _fp_trap_init                             - Undefined Weak Reference
    _fp_trap_shutdown                         - Undefined Weak Reference
    _get_lc_collate                           - Undefined Weak Reference
    _get_lc_ctype                             - Undefined Weak Reference
    _get_lc_monetary                          - Undefined Weak Reference
    _get_lc_numeric                           - Undefined Weak Reference
    _get_lc_time                              - Undefined Weak Reference
    _getenv_init                              - Undefined Weak Reference
    _handle_redirection                       - Undefined Weak Reference
    _init_alloc                               - Undefined Weak Reference
    _init_user_alloc                          - Undefined Weak Reference
    _initio                                   - Undefined Weak Reference
    _rand_init                                - Undefined Weak Reference
    _signal_finish                            - Undefined Weak Reference
    _signal_init                              - Undefined Weak Reference
    _terminate_alloc                          - Undefined Weak Reference
    _terminate_user_alloc                     - Undefined Weak Reference
    _terminateio                              - Undefined Weak Reference
    __Vectors_Size                           0x000000cc   Number         0  startup_at32f421.o ABSOLUTE
    __Vectors                                0x08000000   Data           4  startup_at32f421.o(RESET)
    __Vectors_End                            0x080000cc   Data           0  startup_at32f421.o(RESET)
    __main                                   0x080000cd   Thumb Code     8  __main.o(!!!main)
    __scatterload                            0x080000d5   Thumb Code     0  __scatter.o(!!!scatter)
    __scatterload_rt2                        0x080000d5   Thumb Code    44  __scatter.o(!!!scatter)
    __scatterload_rt2_thumb_only             0x080000d5   Thumb Code     0  __scatter.o(!!!scatter)
    __scatterload_null                       0x080000e3   Thumb Code     0  __scatter.o(!!!scatter)
    __scatterload_copy                       0x08000109   Thumb Code    26  __scatter_copy.o(!!handler_copy)
    __scatterload_zeroinit                   0x08000125   Thumb Code    28  __scatter_zi.o(!!handler_zi)
    __rt_lib_init                            0x08000141   Thumb Code     0  libinit.o(.ARM.Collect$$libinit$$00000000)
    __rt_lib_init_alloca_1                   0x08000143   Thumb Code     0  libinit2.o(.ARM.Collect$$libinit$$0000002E)
    __rt_lib_init_argv_1                     0x08000143   Thumb Code     0  libinit2.o(.ARM.Collect$$libinit$$0000002C)
    __rt_lib_init_atexit_1                   0x08000143   Thumb Code     0  libinit2.o(.ARM.Collect$$libinit$$0000001B)
    __rt_lib_init_clock_1                    0x08000143   Thumb Code     0  libinit2.o(.ARM.Collect$$libinit$$00000021)
    __rt_lib_init_cpp_1                      0x08000143   Thumb Code     0  libinit2.o(.ARM.Collect$$libinit$$00000032)
    __rt_lib_init_exceptions_1               0x08000143   Thumb Code     0  libinit2.o(.ARM.Collect$$libinit$$00000030)
    __rt_lib_init_fp_1                       0x08000143   Thumb Code     0  libinit2.o(.ARM.Collect$$libinit$$00000002)
    __rt_lib_init_fp_trap_1                  0x08000143   Thumb Code     0  libinit2.o(.ARM.Collect$$libinit$$0000001F)
    __rt_lib_init_getenv_1                   0x08000143   Thumb Code     0  libinit2.o(.ARM.Collect$$libinit$$00000023)
    __rt_lib_init_heap_1                     0x08000143   Thumb Code     0  libinit2.o(.ARM.Collect$$libinit$$0000000A)
    __rt_lib_init_lc_collate_1               0x08000143   Thumb Code     0  libinit2.o(.ARM.Collect$$libinit$$00000011)
    __rt_lib_init_lc_ctype_1                 0x08000143   Thumb Code     0  libinit2.o(.ARM.Collect$$libinit$$00000013)
    __rt_lib_init_lc_monetary_1              0x08000143   Thumb Code     0  libinit2.o(.ARM.Collect$$libinit$$00000015)
    __rt_lib_init_lc_numeric_1               0x08000143   Thumb Code     0  libinit2.o(.ARM.Collect$$libinit$$00000017)
    __rt_lib_init_lc_time_1                  0x08000143   Thumb Code     0  libinit2.o(.ARM.Collect$$libinit$$00000019)
    __rt_lib_init_preinit_1                  0x08000143   Thumb Code     0  libinit2.o(.ARM.Collect$$libinit$$00000004)
    __rt_lib_init_rand_1                     0x08000143   Thumb Code     0  libinit2.o(.ARM.Collect$$libinit$$0000000E)
    __rt_lib_init_return                     0x08000143   Thumb Code     0  libinit2.o(.ARM.Collect$$libinit$$00000033)
    __rt_lib_init_signal_1                   0x08000143   Thumb Code     0  libinit2.o(.ARM.Collect$$libinit$$0000001D)
    __rt_lib_init_stdio_1                    0x08000143   Thumb Code     0  libinit2.o(.ARM.Collect$$libinit$$00000025)
    __rt_lib_init_user_alloc_1               0x08000143   Thumb Code     0  libinit2.o(.ARM.Collect$$libinit$$0000000C)
    __rt_lib_shutdown                        0x08000145   Thumb Code     0  libshutdown.o(.ARM.Collect$$libshutdown$$00000000)
    __rt_lib_shutdown_cpp_1                  0x08000147   Thumb Code     0  libshutdown2.o(.ARM.Collect$$libshutdown$$00000004)
    __rt_lib_shutdown_fini_1                 0x08000147   Thumb Code     0  libshutdown2.o(.ARM.Collect$$libshutdown$$00000002)
    __rt_lib_shutdown_fp_trap_1              0x08000147   Thumb Code     0  libshutdown2.o(.ARM.Collect$$libshutdown$$00000009)
    __rt_lib_shutdown_heap_1                 0x08000147   Thumb Code     0  libshutdown2.o(.ARM.Collect$$libshutdown$$00000011)
    __rt_lib_shutdown_return                 0x08000147   Thumb Code     0  libshutdown2.o(.ARM.Collect$$libshutdown$$00000012)
    __rt_lib_shutdown_signal_1               0x08000147   Thumb Code     0  libshutdown2.o(.ARM.Collect$$libshutdown$$0000000C)
    __rt_lib_shutdown_stdio_1                0x08000147   Thumb Code     0  libshutdown2.o(.ARM.Collect$$libshutdown$$00000006)
    __rt_lib_shutdown_user_alloc_1           0x08000147   Thumb Code     0  libshutdown2.o(.ARM.Collect$$libshutdown$$0000000E)
    __rt_entry                               0x08000149   Thumb Code     0  __rtentry.o(.ARM.Collect$$rtentry$$00000000)
    __rt_entry_presh_1                       0x08000149   Thumb Code     0  __rtentry2.o(.ARM.Collect$$rtentry$$00000002)
    __rt_entry_sh                            0x08000149   Thumb Code     0  __rtentry4.o(.ARM.Collect$$rtentry$$00000004)
    __rt_entry_li                            0x0800014f   Thumb Code     0  __rtentry2.o(.ARM.Collect$$rtentry$$0000000A)
    __rt_entry_postsh_1                      0x0800014f   Thumb Code     0  __rtentry2.o(.ARM.Collect$$rtentry$$00000009)
    __rt_entry_main                          0x08000153   Thumb Code     0  __rtentry2.o(.ARM.Collect$$rtentry$$0000000D)
    __rt_entry_postli_1                      0x08000153   Thumb Code     0  __rtentry2.o(.ARM.Collect$$rtentry$$0000000C)
    __rt_exit                                0x0800015b   Thumb Code     0  rtexit.o(.ARM.Collect$$rtexit$$00000000)
    __rt_exit_ls                             0x0800015d   Thumb Code     0  rtexit2.o(.ARM.Collect$$rtexit$$00000003)
    __rt_exit_prels_1                        0x0800015d   Thumb Code     0  rtexit2.o(.ARM.Collect$$rtexit$$00000002)
    __rt_exit_exit                           0x08000161   Thumb Code     0  rtexit2.o(.ARM.Collect$$rtexit$$00000004)
    Reset_Handler                            0x08000169   Thumb Code     8  startup_at32f421.o(.text)
    SysTick_Handler                          0x08000181   Thumb Code     2  startup_at32f421.o(.text)
    ADC1_CMP_IRQHandler                      0x08000183   Thumb Code     0  startup_at32f421.o(.text)
    CRM_IRQHandler                           0x08000183   Thumb Code     0  startup_at32f421.o(.text)
    DMA1_Channel3_2_IRQHandler               0x08000183   Thumb Code     0  startup_at32f421.o(.text)
    DMA1_Channel5_4_IRQHandler               0x08000183   Thumb Code     0  startup_at32f421.o(.text)
    ERTC_IRQHandler                          0x08000183   Thumb Code     0  startup_at32f421.o(.text)
    EXINT15_4_IRQHandler                     0x08000183   Thumb Code     0  startup_at32f421.o(.text)
    EXINT1_0_IRQHandler                      0x08000183   Thumb Code     0  startup_at32f421.o(.text)
    EXINT3_2_IRQHandler                      0x08000183   Thumb Code     0  startup_at32f421.o(.text)
    FLASH_IRQHandler                         0x08000183   Thumb Code     0  startup_at32f421.o(.text)
    I2C1_ERR_IRQHandler                      0x08000183   Thumb Code     0  startup_at32f421.o(.text)
    I2C1_EVT_IRQHandler                      0x08000183   Thumb Code     0  startup_at32f421.o(.text)
    I2C2_ERR_IRQHandler                      0x08000183   Thumb Code     0  startup_at32f421.o(.text)
    I2C2_EVT_IRQHandler                      0x08000183   Thumb Code     0  startup_at32f421.o(.text)
    PVM_IRQHandler                           0x08000183   Thumb Code     0  startup_at32f421.o(.text)
    SPI1_IRQHandler                          0x08000183   Thumb Code     0  startup_at32f421.o(.text)
    SPI2_IRQHandler                          0x08000183   Thumb Code     0  startup_at32f421.o(.text)
    TMR15_GLOBAL_IRQHandler                  0x08000183   Thumb Code     0  startup_at32f421.o(.text)
    TMR16_GLOBAL_IRQHandler                  0x08000183   Thumb Code     0  startup_at32f421.o(.text)
    TMR17_GLOBAL_IRQHandler                  0x08000183   Thumb Code     0  startup_at32f421.o(.text)
    TMR1_BRK_OVF_TRG_HALL_IRQHandler         0x08000183   Thumb Code     0  startup_at32f421.o(.text)
    TMR1_CH_IRQHandler                       0x08000183   Thumb Code     0  startup_at32f421.o(.text)
    USART1_IRQHandler                        0x08000183   Thumb Code     0  startup_at32f421.o(.text)
    USART2_IRQHandler                        0x08000183   Thumb Code     0  startup_at32f421.o(.text)
    WWDT_IRQHandler                          0x08000183   Thumb Code     0  startup_at32f421.o(.text)
    __user_initial_stackheap                 0x08000185   Thumb Code     0  startup_at32f421.o(.text)
    __aeabi_uldivmod                         0x080001a9   Thumb Code     0  lludivv7m.o(.text)
    _ll_udiv                                 0x080001a9   Thumb Code   238  lludivv7m.o(.text)
    __use_two_region_memory                  0x08000297   Thumb Code     2  heapauxi.o(.text)
    __rt_heap_escrow$2region                 0x08000299   Thumb Code     2  heapauxi.o(.text)
    __rt_heap_expand$2region                 0x0800029b   Thumb Code     2  heapauxi.o(.text)
    __read_errno                             0x0800029d   Thumb Code    10  _rserrno.o(.text)
    __set_errno                              0x080002a7   Thumb Code    12  _rserrno.o(.text)
    __aeabi_errno_addr                       0x080002b5   Thumb Code     8  rt_errno_addr_intlibspace.o(.text)
    __errno$intlibspace                      0x080002b5   Thumb Code     0  rt_errno_addr_intlibspace.o(.text)
    __rt_errno_addr$intlibspace              0x080002b5   Thumb Code     0  rt_errno_addr_intlibspace.o(.text)
    __user_libspace                          0x080002bd   Thumb Code     8  libspace.o(.text)
    __user_perproc_libspace                  0x080002bd   Thumb Code     0  libspace.o(.text)
    __user_perthread_libspace                0x080002bd   Thumb Code     0  libspace.o(.text)
    __user_setup_stackheap                   0x080002c5   Thumb Code    74  sys_stackheap_outer.o(.text)
    exit                                     0x0800030f   Thumb Code    18  exit.o(.text)
    _sys_exit                                0x08000321   Thumb Code     8  sys_exit.o(.text)
    __I$use$semihosting                      0x0800032d   Thumb Code     0  use_no_semi.o(.text)
    __use_no_semihosting_swi                 0x0800032d   Thumb Code     2  use_no_semi.o(.text)
    __semihosting_library_function           0x0800032f   Thumb Code     0  indicate_semi.o(.text)
    arm_cfft_radix2_init_f32                 0x0800032f   Thumb Code   190  arm_cfft_radix2_init_f32.o(.text.arm_cfft_radix2_init_f32)
    BusFault_Handler                         0x080003ed   Thumb Code     4  at32f421_int.o(i.BusFault_Handler)
    DMA1_Channel1_IRQHandler                 0x080003f1   Thumb Code   154  at32f421_int.o(i.DMA1_Channel1_IRQHandler)
    DebugMon_Handler                         0x080004b5   Thumb Code     2  at32f421_int.o(i.DebugMon_Handler)
    FFT_ADC_COMPUTE                          0x080004b9   Thumb Code   142  main.o(i.FFT_ADC_COMPUTE)
    HardFault_Handler                        0x08000559   Thumb Code     4  at32f421_int.o(i.HardFault_Handler)
    MemManage_Handler                        0x0800055d   Thumb Code     4  at32f421_int.o(i.MemManage_Handler)
    NMI_Handler                              0x08000561   Thumb Code     2  at32f421_int.o(i.NMI_Handler)
    PendSV_Handler                           0x08000563   Thumb Code     2  at32f421_int.o(i.PendSV_Handler)
    SMG_display_BIT                          0x08000565   Thumb Code   994  nixietube.o(i.SMG_display_BIT)
    SMG_display_HC164                        0x08000951   Thumb Code   140  nixietube.o(i.SMG_display_HC164)
    SVC_Handler                              0x080009ed   Thumb Code     2  at32f421_int.o(i.SVC_Handler)
    SystemInit                               0x080009f1   Thumb Code    96  system_at32f421.o(i.SystemInit)
    TMR14_GLOBAL_IRQHandler                  0x08000a5d   Thumb Code     2  at32f421_int.o(i.TMR14_GLOBAL_IRQHandler)
    TMR3_GLOBAL_IRQHandler                   0x08000a61   Thumb Code    30  at32f421_int.o(i.TMR3_GLOBAL_IRQHandler)
    TMR6_GLOBAL_IRQHandler                   0x08000a89   Thumb Code    48  at32f421_int.o(i.TMR6_GLOBAL_IRQHandler)
    UsageFault_Handler                       0x08000ac1   Thumb Code     4  at32f421_int.o(i.UsageFault_Handler)
    User_Set_Def                             0x08000ac5   Thumb Code    76  adc_sampling.o(i.User_Set_Def)
    User_Set_Parameter                       0x08000b15   Thumb Code  5966  adc_sampling.o(i.User_Set_Parameter)
    adc_base_config                          0x08002289   Thumb Code    44  at32f421_adc.o(i.adc_base_config)
    adc_base_default_para_init               0x080022b5   Thumb Code    14  at32f421_adc.o(i.adc_base_default_para_init)
    adc_calibration_init                     0x080022c3   Thumb Code    12  at32f421_adc.o(i.adc_calibration_init)
    adc_calibration_init_status_get          0x080022cf   Thumb Code    18  at32f421_adc.o(i.adc_calibration_init_status_get)
    adc_calibration_start                    0x080022e1   Thumb Code    12  at32f421_adc.o(i.adc_calibration_start)
    adc_calibration_status_get               0x080022ed   Thumb Code    18  at32f421_adc.o(i.adc_calibration_status_get)
    adc_dma_mode_enable                      0x080022ff   Thumb Code    10  at32f421_adc.o(i.adc_dma_mode_enable)
    adc_enable                               0x08002309   Thumb Code    10  at32f421_adc.o(i.adc_enable)
    adc_ordinary_channel_set                 0x08002313   Thumb Code   168  at32f421_adc.o(i.adc_ordinary_channel_set)
    adc_ordinary_conversion_trigger_set      0x080023bb   Thumb Code    32  at32f421_adc.o(i.adc_ordinary_conversion_trigger_set)
    adc_ordinary_part_mode_enable            0x080023db   Thumb Code    10  at32f421_adc.o(i.adc_ordinary_part_mode_enable)
    adc_ordinary_software_trigger_enable     0x080023e5   Thumb Code    10  at32f421_adc.o(i.adc_ordinary_software_trigger_enable)
    adc_tempersensor_vintrv_enable           0x080023f1   Thumb Code    14  at32f421_adc.o(i.adc_tempersensor_vintrv_enable)
    crm_adc_clock_div_set                    0x08002405   Thumb Code    28  at32f421_crm.o(i.crm_adc_clock_div_set)
    crm_ahb_div_set                          0x08002425   Thumb Code    14  at32f421_crm.o(i.crm_ahb_div_set)
    crm_apb1_div_set                         0x08002439   Thumb Code    14  at32f421_crm.o(i.crm_apb1_div_set)
    crm_apb2_div_set                         0x0800244d   Thumb Code    14  at32f421_crm.o(i.crm_apb2_div_set)
    crm_clock_source_enable                  0x08002461   Thumb Code    90  at32f421_crm.o(i.crm_clock_source_enable)
    crm_flag_get                             0x080024c1   Thumb Code    42  at32f421_crm.o(i.crm_flag_get)
    crm_periph_clock_enable                  0x080024f1   Thumb Code    62  at32f421_crm.o(i.crm_periph_clock_enable)
    crm_pll_config                           0x08002535   Thumb Code   224  at32f421_crm.o(i.crm_pll_config)
    crm_reset                                0x08002649   Thumb Code    90  at32f421_crm.o(i.crm_reset)
    crm_sysclk_switch                        0x080026ad   Thumb Code    54  at32f421_crm.o(i.crm_sysclk_switch)
    crm_sysclk_switch_status_get             0x080026e9   Thumb Code    10  at32f421_crm.o(i.crm_sysclk_switch_status_get)
    data_conversion                          0x080026f9   Thumb Code   386  subroutine.o(i.data_conversion)
    dma_channel_enable                       0x080028cd   Thumb Code    10  at32f421_dma.o(i.dma_channel_enable)
    dma_default_para_init                    0x080028d7   Thumb Code    24  at32f421_dma.o(i.dma_default_para_init)
    dma_flag_clear                           0x080028f1   Thumb Code     6  at32f421_dma.o(i.dma_flag_clear)
    dma_init                                 0x080028fd   Thumb Code    92  at32f421_dma.o(i.dma_init)
    dma_interrupt_enable                     0x08002959   Thumb Code    18  at32f421_dma.o(i.dma_interrupt_enable)
    dma_interrupt_flag_get                   0x0800296d   Thumb Code    24  at32f421_dma.o(i.dma_interrupt_flag_get)
    dma_reset                                0x08002989   Thumb Code    50  at32f421_dma.o(i.dma_reset)
    fft_to_array                             0x080029c1   Thumb Code   484  nixietube.o(i.fft_to_array)
    flash_flag_clear                         0x08002bc1   Thumb Code     6  at32f421_flash.o(i.flash_flag_clear)
    flash_halfword_program                   0x08002bcd   Thumb Code    50  at32f421_flash.o(i.flash_halfword_program)
    flash_lock                               0x08002c05   Thumb Code    16  at32f421_flash.o(i.flash_lock)
    flash_operation_status_get               0x08002c19   Thumb Code    48  at32f421_flash.o(i.flash_operation_status_get)
    flash_operation_wait_for                 0x08002c4d   Thumb Code    36  at32f421_flash.o(i.flash_operation_wait_for)
    flash_read                               0x08002c71   Thumb Code    26  flash.o(i.flash_read)
    flash_sector_erase                       0x08002c8d   Thumb Code    58  at32f421_flash.o(i.flash_sector_erase)
    flash_unlock                             0x08002ccd   Thumb Code    12  at32f421_flash.o(i.flash_unlock)
    flash_write                              0x08002ce5   Thumb Code   284  flash.o(i.flash_write)
    flash_write_nocheck                      0x08002e05   Thumb Code    56  flash.o(i.flash_write_nocheck)
    gpio_bits_reset                          0x08002e3d   Thumb Code     4  at32f421_gpio.o(i.gpio_bits_reset)
    gpio_bits_write                          0x08002e41   Thumb Code    10  at32f421_gpio.o(i.gpio_bits_write)
    gpio_default_para_init                   0x08002e4b   Thumb Code    20  at32f421_gpio.o(i.gpio_default_para_init)
    gpio_init                                0x08002e5f   Thumb Code   122  at32f421_gpio.o(i.gpio_init)
    gpio_input_data_bit_read                 0x08002ed9   Thumb Code    18  at32f421_gpio.o(i.gpio_input_data_bit_read)
    gpio_input_data_read                     0x08002eeb   Thumb Code     8  at32f421_gpio.o(i.gpio_input_data_read)
    main                                     0x08002ef5   Thumb Code   308  main.o(i.main)
    nvic_irq_enable                          0x08003051   Thumb Code   190  at32f421_misc.o(i.nvic_irq_enable)
    nvic_priority_group_config               0x08003119   Thumb Code    32  at32f421_misc.o(i.nvic_priority_group_config)
    power_action                             0x08003141   Thumb Code   102  subroutine.o(i.power_action)
    sqrt                                     0x080031ad   Thumb Code    76  sqrt.o(i.sqrt)
    start_countdown                          0x080031f9   Thumb Code   178  nixietube.o(i.start_countdown)
    system_core_clock_update                 0x080032b5   Thumb Code   316  system_at32f421.o(i.system_core_clock_update)
    table_bits_refresh                       0x08003409   Thumb Code    24  nixietube.o(i.table_bits_refresh)
    tmr_base_init                            0x08003429   Thumb Code    16  at32f421_tmr.o(i.tmr_base_init)
    tmr_clock_source_div_set                 0x08003439   Thumb Code    10  at32f421_tmr.o(i.tmr_clock_source_div_set)
    tmr_cnt_dir_set                          0x08003443   Thumb Code    10  at32f421_tmr.o(i.tmr_cnt_dir_set)
    tmr_counter_enable                       0x0800344d   Thumb Code    10  at32f421_tmr.o(i.tmr_counter_enable)
    tmr_flag_clear                           0x08003457   Thumb Code     6  at32f421_tmr.o(i.tmr_flag_clear)
    tmr_flag_get                             0x0800345d   Thumb Code    18  at32f421_tmr.o(i.tmr_flag_get)
    tmr_interrupt_enable                     0x0800346f   Thumb Code    22  at32f421_tmr.o(i.tmr_interrupt_enable)
    tmr_overflow_request_source_set          0x08003485   Thumb Code    10  at32f421_tmr.o(i.tmr_overflow_request_source_set)
    tmr_period_buffer_enable                 0x0800348f   Thumb Code    10  at32f421_tmr.o(i.tmr_period_buffer_enable)
    tmr_primary_mode_select                  0x08003499   Thumb Code    10  at32f421_tmr.o(i.tmr_primary_mode_select)
    tmr_sub_sync_mode_set                    0x080034a3   Thumb Code    10  at32f421_tmr.o(i.tmr_sub_sync_mode_set)
    wk_adc1_init                             0x080034ad   Thumb Code   330  at32f421_wk_config.o(i.wk_adc1_init)
    wk_dma1_channel1_init                    0x08003601   Thumb Code    64  at32f421_wk_config.o(i.wk_dma1_channel1_init)
    wk_dma_channel_config                    0x08003645   Thumb Code     8  at32f421_wk_config.o(i.wk_dma_channel_config)
    wk_gpio_config                           0x0800364d   Thumb Code   250  at32f421_wk_config.o(i.wk_gpio_config)
    wk_nvic_config                           0x08003755   Thumb Code    50  at32f421_wk_config.o(i.wk_nvic_config)
    wk_periph_clock_config                   0x08003789   Thumb Code    98  at32f421_wk_config.o(i.wk_periph_clock_config)
    wk_system_clock_config                   0x080037f9   Thumb Code   122  at32f421_wk_config.o(i.wk_system_clock_config)
    wk_tmr14_init                            0x0800387d   Thumb Code    48  at32f421_wk_config.o(i.wk_tmr14_init)
    wk_tmr3_init                             0x080038b1   Thumb Code    64  at32f421_wk_config.o(i.wk_tmr3_init)
    wk_tmr6_init                             0x080038f5   Thumb Code    48  at32f421_wk_config.o(i.wk_tmr6_init)
    __aeabi_d2f                              0x08003929   Thumb Code     0  d2f.o(x$fpl$d2f)
    _d2f                                     0x08003929   Thumb Code    98  d2f.o(x$fpl$d2f)
    __aeabi_dmul                             0x0800398d   Thumb Code     0  dmul.o(x$fpl$dmul)
    _dmul                                    0x0800398d   Thumb Code   332  dmul.o(x$fpl$dmul)
    __fpl_dnaninf                            0x08003ae1   Thumb Code   156  dnaninf.o(x$fpl$dnaninf)
    __fpl_dretinf                            0x08003b7d   Thumb Code    12  dretinf.o(x$fpl$dretinf)
    _dsqrt                                   0x08003b89   Thumb Code   404  dsqrt_umaal.o(x$fpl$dsqrt)
    __aeabi_f2d                              0x08003d21   Thumb Code     0  f2d.o(x$fpl$f2d)
    _f2d                                     0x08003d21   Thumb Code    86  f2d.o(x$fpl$f2d)
    __aeabi_fadd                             0x08003d79   Thumb Code     0  faddsub_clz.o(x$fpl$fadd)
    _fadd                                    0x08003d79   Thumb Code   196  faddsub_clz.o(x$fpl$fadd)
    __fpl_fcmp_Inf                           0x08003e3d   Thumb Code    24  fcmpi.o(x$fpl$fcmpinf)
    __aeabi_fdiv                             0x08003e55   Thumb Code     0  fdiv.o(x$fpl$fdiv)
    _fdiv                                    0x08003e55   Thumb Code   384  fdiv.o(x$fpl$fdiv)
    __aeabi_f2iz                             0x08003fd9   Thumb Code     0  ffix.o(x$fpl$ffix)
    _ffix                                    0x08003fd9   Thumb Code    54  ffix.o(x$fpl$ffix)
    __aeabi_i2f                              0x08004011   Thumb Code     0  fflt_clz.o(x$fpl$fflt)
    _fflt                                    0x08004011   Thumb Code    48  fflt_clz.o(x$fpl$fflt)
    __aeabi_ui2f                             0x08004041   Thumb Code     0  fflt_clz.o(x$fpl$ffltu)
    _ffltu                                   0x08004041   Thumb Code    38  fflt_clz.o(x$fpl$ffltu)
    __aeabi_cfcmple                          0x08004069   Thumb Code     0  fleqf.o(x$fpl$fleqf)
    _fcmple                                  0x08004069   Thumb Code   104  fleqf.o(x$fpl$fleqf)
    __fpl_fcmple_InfNaN                      0x080040bb   Thumb Code     0  fleqf.o(x$fpl$fleqf)
    __aeabi_fmul                             0x080040d1   Thumb Code     0  fmul.o(x$fpl$fmul)
    _fmul                                    0x080040d1   Thumb Code   258  fmul.o(x$fpl$fmul)
    __fpl_fnaninf                            0x080041d3   Thumb Code   140  fnaninf.o(x$fpl$fnaninf)
    __fpl_fretinf                            0x0800425f   Thumb Code    10  fretinf.o(x$fpl$fretinf)
    __aeabi_cfrcmple                         0x08004269   Thumb Code     0  frleqf.o(x$fpl$frleqf)
    _frcmple                                 0x08004269   Thumb Code    98  frleqf.o(x$fpl$frleqf)
    __aeabi_fsub                             0x080042cd   Thumb Code     0  faddsub_clz.o(x$fpl$fsub)
    _fsub                                    0x080042cd   Thumb Code   234  faddsub_clz.o(x$fpl$fsub)
    __I$use$fp                               0x080043b6   Number         0  usenofp.o(x$fpl$usenofp)
    FFT_LENGTH                               0x080043b8   Data           2  main.o(.constdata)
    Fs                                       0x080043bc   Data           4  main.o(.constdata)
    TEST_FLASH_ADDRESS_START                 0x080043c0   Data           4  main.o(.constdata)
    TEST_BUFEER_SIZE                         0x080043c4   Data           2  main.o(.constdata)
    SMG_Duan                                 0x080043c6   Data          21  adc_sampling.o(.constdata)
    armBitRevTable                           0x080043ec   Data        2048  arm_common_tables.o(.rodata.armBitRevTable)
    twiddleCoef_4096                         0x08004bec   Data       32768  arm_common_tables.o(.rodata.twiddleCoef_4096)
    Region$$Table$$Base                      0x0800cbec   Number         0  anon$$obj.o(Region$$Table)
    Region$$Table$$Limit                     0x0800cc0c   Number         0  anon$$obj.o(Region$$Table)
    Fields_Bit                               0x20000000   Data           1  main.o(.data)
    pins                                     0x20000001   Data           1  main.o(.data)
    table_data                               0x20000002   Data           1  main.o(.data)
    ADC_ConertedValue                        0x20000004   Data           2  main.o(.data)
    ValueSampleCnt                           0x20000006   Data           2  main.o(.data)
    FFT_UADC_DATA                            0x20000008   Data           4  main.o(.data)
    FFT_IADC_DATA                            0x2000000c   Data           4  main.o(.data)
    FFT_FREQ_DATA                            0x20000010   Data           4  main.o(.data)
    FFT_PHASE_DATA                           0x20000014   Data           4  main.o(.data)
    UL1_UADC_DATA                            0x20000018   Data           4  main.o(.data)
    UL2_UADC_DATA                            0x2000001c   Data           4  main.o(.data)
    UL3_UADC_DATA                            0x20000020   Data           4  main.o(.data)
    IL1_UADC_DATA                            0x20000024   Data           4  main.o(.data)
    IL2_UADC_DATA                            0x20000028   Data           4  main.o(.data)
    IL3_UADC_DATA                            0x2000002c   Data           4  main.o(.data)
    UL1_PADC_DATA                            0x20000030   Data           4  main.o(.data)
    UL2_PADC_DATA                            0x20000034   Data           4  main.o(.data)
    UL3_PADC_DATA                            0x20000038   Data           4  main.o(.data)
    FrequencyCnt                             0x2000003c   Data           4  main.o(.data)
    ADC_LOOP_DATA                            0x20000040   Data           2  main.o(.data)
    system_core_clock                        0x20000044   Data           4  system_at32f421.o(.data)
    table_array                              0x20000048   Data          18  main.o(.bss)
    User_Parameter                           0x2000005a   Data          42  main.o(.bss)
    ADC_DMA_data                             0x20000084   Data          28  main.o(.bss)
    ADC_Channel_0                            0x200000a0   Data        1024  main.o(.bss)
    ADC_Channel_1                            0x200004a0   Data        1024  main.o(.bss)
    ADC_Channel_2                            0x200008a0   Data        1024  main.o(.bss)
    ADC_Channel_3                            0x20000ca0   Data        1024  main.o(.bss)
    ADC_Channel_4                            0x200010a0   Data        1024  main.o(.bss)
    ADC_Channel_5                            0x200014a0   Data        1024  main.o(.bss)
    ADC_Channel_6                            0x200018a0   Data        1024  main.o(.bss)
    fft_inputbuf                             0x20001ca0   Data        4096  main.o(.bss)
    fft_outputbuf                            0x20002ca0   Data        2048  main.o(.bss)
    scfft                                    0x200034a0   Data          20  main.o(.bss)
    flash_buf                                0x200034b4   Data        1024  flash.o(.bss)
    __libspace_start                         0x200038b4   Data          96  libspace.o(.bss)
    __temporary_stack_top$libspace           0x20003914   Data           0  libspace.o(.bss)



==============================================================================

Memory Map of the image

  Image Entry point : 0x080000cd

  Load Region LR_IROM1 (Base: 0x08000000, Size: 0x0000cc54, Max: 0x00010000, ABSOLUTE)

    Execution Region ER_IROM1 (Exec base: 0x08000000, Load base: 0x08000000, Size: 0x0000cc0c, Max: 0x00010000, ABSOLUTE)

    Exec Addr    Load Addr    Size         Type   Attr      Idx    E Section Name        Object

    0x08000000   0x08000000   0x000000cc   Data   RO         1979    RESET               startup_at32f421.o
    0x080000cc   0x080000cc   0x00000008   Code   RO         2119  * !!!main             c_w.l(__main.o)
    0x080000d4   0x080000d4   0x00000034   Code   RO         2356    !!!scatter          c_w.l(__scatter.o)
    0x08000108   0x08000108   0x0000001a   Code   RO         2358    !!handler_copy      c_w.l(__scatter_copy.o)
    0x08000122   0x08000122   0x00000002   PAD
    0x08000124   0x08000124   0x0000001c   Code   RO         2360    !!handler_zi        c_w.l(__scatter_zi.o)
    0x08000140   0x08000140   0x00000002   Code   RO         2227    .ARM.Collect$$libinit$$00000000  c_w.l(libinit.o)
    0x08000142   0x08000142   0x00000000   Code   RO         2237    .ARM.Collect$$libinit$$00000002  c_w.l(libinit2.o)
    0x08000142   0x08000142   0x00000000   Code   RO         2239    .ARM.Collect$$libinit$$00000004  c_w.l(libinit2.o)
    0x08000142   0x08000142   0x00000000   Code   RO         2242    .ARM.Collect$$libinit$$0000000A  c_w.l(libinit2.o)
    0x08000142   0x08000142   0x00000000   Code   RO         2244    .ARM.Collect$$libinit$$0000000C  c_w.l(libinit2.o)
    0x08000142   0x08000142   0x00000000   Code   RO         2246    .ARM.Collect$$libinit$$0000000E  c_w.l(libinit2.o)
    0x08000142   0x08000142   0x00000000   Code   RO         2249    .ARM.Collect$$libinit$$00000011  c_w.l(libinit2.o)
    0x08000142   0x08000142   0x00000000   Code   RO         2251    .ARM.Collect$$libinit$$00000013  c_w.l(libinit2.o)
    0x08000142   0x08000142   0x00000000   Code   RO         2253    .ARM.Collect$$libinit$$00000015  c_w.l(libinit2.o)
    0x08000142   0x08000142   0x00000000   Code   RO         2255    .ARM.Collect$$libinit$$00000017  c_w.l(libinit2.o)
    0x08000142   0x08000142   0x00000000   Code   RO         2257    .ARM.Collect$$libinit$$00000019  c_w.l(libinit2.o)
    0x08000142   0x08000142   0x00000000   Code   RO         2259    .ARM.Collect$$libinit$$0000001B  c_w.l(libinit2.o)
    0x08000142   0x08000142   0x00000000   Code   RO         2261    .ARM.Collect$$libinit$$0000001D  c_w.l(libinit2.o)
    0x08000142   0x08000142   0x00000000   Code   RO         2263    .ARM.Collect$$libinit$$0000001F  c_w.l(libinit2.o)
    0x08000142   0x08000142   0x00000000   Code   RO         2265    .ARM.Collect$$libinit$$00000021  c_w.l(libinit2.o)
    0x08000142   0x08000142   0x00000000   Code   RO         2267    .ARM.Collect$$libinit$$00000023  c_w.l(libinit2.o)
    0x08000142   0x08000142   0x00000000   Code   RO         2269    .ARM.Collect$$libinit$$00000025  c_w.l(libinit2.o)
    0x08000142   0x08000142   0x00000000   Code   RO         2273    .ARM.Collect$$libinit$$0000002C  c_w.l(libinit2.o)
    0x08000142   0x08000142   0x00000000   Code   RO         2275    .ARM.Collect$$libinit$$0000002E  c_w.l(libinit2.o)
    0x08000142   0x08000142   0x00000000   Code   RO         2277    .ARM.Collect$$libinit$$00000030  c_w.l(libinit2.o)
    0x08000142   0x08000142   0x00000000   Code   RO         2279    .ARM.Collect$$libinit$$00000032  c_w.l(libinit2.o)
    0x08000142   0x08000142   0x00000002   Code   RO         2280    .ARM.Collect$$libinit$$00000033  c_w.l(libinit2.o)
    0x08000144   0x08000144   0x00000002   Code   RO         2311    .ARM.Collect$$libshutdown$$00000000  c_w.l(libshutdown.o)
    0x08000146   0x08000146   0x00000000   Code   RO         2337    .ARM.Collect$$libshutdown$$00000002  c_w.l(libshutdown2.o)
    0x08000146   0x08000146   0x00000000   Code   RO         2339    .ARM.Collect$$libshutdown$$00000004  c_w.l(libshutdown2.o)
    0x08000146   0x08000146   0x00000000   Code   RO         2341    .ARM.Collect$$libshutdown$$00000006  c_w.l(libshutdown2.o)
    0x08000146   0x08000146   0x00000000   Code   RO         2344    .ARM.Collect$$libshutdown$$00000009  c_w.l(libshutdown2.o)
    0x08000146   0x08000146   0x00000000   Code   RO         2347    .ARM.Collect$$libshutdown$$0000000C  c_w.l(libshutdown2.o)
    0x08000146   0x08000146   0x00000000   Code   RO         2349    .ARM.Collect$$libshutdown$$0000000E  c_w.l(libshutdown2.o)
    0x08000146   0x08000146   0x00000000   Code   RO         2352    .ARM.Collect$$libshutdown$$00000011  c_w.l(libshutdown2.o)
    0x08000146   0x08000146   0x00000002   Code   RO         2353    .ARM.Collect$$libshutdown$$00000012  c_w.l(libshutdown2.o)
    0x08000148   0x08000148   0x00000000   Code   RO         2165    .ARM.Collect$$rtentry$$00000000  c_w.l(__rtentry.o)
    0x08000148   0x08000148   0x00000000   Code   RO         2188    .ARM.Collect$$rtentry$$00000002  c_w.l(__rtentry2.o)
    0x08000148   0x08000148   0x00000006   Code   RO         2200    .ARM.Collect$$rtentry$$00000004  c_w.l(__rtentry4.o)
    0x0800014e   0x0800014e   0x00000000   Code   RO         2190    .ARM.Collect$$rtentry$$00000009  c_w.l(__rtentry2.o)
    0x0800014e   0x0800014e   0x00000004   Code   RO         2191    .ARM.Collect$$rtentry$$0000000A  c_w.l(__rtentry2.o)
    0x08000152   0x08000152   0x00000000   Code   RO         2193    .ARM.Collect$$rtentry$$0000000C  c_w.l(__rtentry2.o)
    0x08000152   0x08000152   0x00000008   Code   RO         2194    .ARM.Collect$$rtentry$$0000000D  c_w.l(__rtentry2.o)
    0x0800015a   0x0800015a   0x00000002   Code   RO         2228    .ARM.Collect$$rtexit$$00000000  c_w.l(rtexit.o)
    0x0800015c   0x0800015c   0x00000000   Code   RO         2284    .ARM.Collect$$rtexit$$00000002  c_w.l(rtexit2.o)
    0x0800015c   0x0800015c   0x00000004   Code   RO         2285    .ARM.Collect$$rtexit$$00000003  c_w.l(rtexit2.o)
    0x08000160   0x08000160   0x00000006   Code   RO         2286    .ARM.Collect$$rtexit$$00000004  c_w.l(rtexit2.o)
    0x08000166   0x08000166   0x00000002   PAD
    0x08000168   0x08000168   0x00000040   Code   RO         1980    .text               startup_at32f421.o
    0x080001a8   0x080001a8   0x000000ee   Code   RO         2115    .text               c_w.l(lludivv7m.o)
    0x08000296   0x08000296   0x00000006   Code   RO         2117    .text               c_w.l(heapauxi.o)
    0x0800029c   0x0800029c   0x00000016   Code   RO         2170    .text               c_w.l(_rserrno.o)
    0x080002b2   0x080002b2   0x00000002   PAD
    0x080002b4   0x080002b4   0x00000008   Code   RO         2207    .text               c_w.l(rt_errno_addr_intlibspace.o)
    0x080002bc   0x080002bc   0x00000008   Code   RO         2211    .text               c_w.l(libspace.o)
    0x080002c4   0x080002c4   0x0000004a   Code   RO         2214    .text               c_w.l(sys_stackheap_outer.o)
    0x0800030e   0x0800030e   0x00000012   Code   RO         2216    .text               c_w.l(exit.o)
    0x08000320   0x08000320   0x0000000c   Code   RO         2281    .text               c_w.l(sys_exit.o)
    0x0800032c   0x0800032c   0x00000002   Code   RO         2300    .text               c_w.l(use_no_semi.o)
    0x0800032e   0x0800032e   0x00000000   Code   RO         2302    .text               c_w.l(indicate_semi.o)
    0x0800032e   0x0800032e   0x000000be   Code   RO         1985    .text.arm_cfft_radix2_init_f32  arm_cortexM4l _math.lib(arm_cfft_radix2_init_f32.o)
    0x080003ec   0x080003ec   0x00000004   Code   RO            4    i.BusFault_Handler  at32f421_int.o
    0x080003f0   0x080003f0   0x000000c4   Code   RO            5    i.DMA1_Channel1_IRQHandler  at32f421_int.o
    0x080004b4   0x080004b4   0x00000002   Code   RO            6    i.DebugMon_Handler  at32f421_int.o
    0x080004b6   0x080004b6   0x00000002   PAD
    0x080004b8   0x080004b8   0x000000a0   Code   RO          247    i.FFT_ADC_COMPUTE   main.o
    0x08000558   0x08000558   0x00000004   Code   RO            7    i.HardFault_Handler  at32f421_int.o
    0x0800055c   0x0800055c   0x00000004   Code   RO            8    i.MemManage_Handler  at32f421_int.o
    0x08000560   0x08000560   0x00000002   Code   RO            9    i.NMI_Handler       at32f421_int.o
    0x08000562   0x08000562   0x00000002   Code   RO           10    i.PendSV_Handler    at32f421_int.o
    0x08000564   0x08000564   0x000003ec   Code   RO          319    i.SMG_display_BIT   nixietube.o
    0x08000950   0x08000950   0x0000009c   Code   RO          320    i.SMG_display_HC164  nixietube.o
    0x080009ec   0x080009ec   0x00000002   Code   RO           11    i.SVC_Handler       at32f421_int.o
    0x080009ee   0x080009ee   0x00000002   PAD
    0x080009f0   0x080009f0   0x0000006c   Code   RO         1943    i.SystemInit        system_at32f421.o
    0x08000a5c   0x08000a5c   0x00000002   Code   RO           12    i.TMR14_GLOBAL_IRQHandler  at32f421_int.o
    0x08000a5e   0x08000a5e   0x00000002   PAD
    0x08000a60   0x08000a60   0x00000028   Code   RO           13    i.TMR3_GLOBAL_IRQHandler  at32f421_int.o
    0x08000a88   0x08000a88   0x00000038   Code   RO           14    i.TMR6_GLOBAL_IRQHandler  at32f421_int.o
    0x08000ac0   0x08000ac0   0x00000004   Code   RO           15    i.UsageFault_Handler  at32f421_int.o
    0x08000ac4   0x08000ac4   0x00000050   Code   RO          374    i.User_Set_Def      adc_sampling.o
    0x08000b14   0x08000b14   0x00001774   Code   RO          375    i.User_Set_Parameter  adc_sampling.o
    0x08002288   0x08002288   0x0000002c   Code   RO          497    i.adc_base_config   at32f421_adc.o
    0x080022b4   0x080022b4   0x0000000e   Code   RO          498    i.adc_base_default_para_init  at32f421_adc.o
    0x080022c2   0x080022c2   0x0000000c   Code   RO          499    i.adc_calibration_init  at32f421_adc.o
    0x080022ce   0x080022ce   0x00000012   Code   RO          500    i.adc_calibration_init_status_get  at32f421_adc.o
    0x080022e0   0x080022e0   0x0000000c   Code   RO          501    i.adc_calibration_start  at32f421_adc.o
    0x080022ec   0x080022ec   0x00000012   Code   RO          502    i.adc_calibration_status_get  at32f421_adc.o
    0x080022fe   0x080022fe   0x0000000a   Code   RO          503    i.adc_dma_mode_enable  at32f421_adc.o
    0x08002308   0x08002308   0x0000000a   Code   RO          504    i.adc_enable        at32f421_adc.o
    0x08002312   0x08002312   0x000000a8   Code   RO          509    i.adc_ordinary_channel_set  at32f421_adc.o
    0x080023ba   0x080023ba   0x00000020   Code   RO          511    i.adc_ordinary_conversion_trigger_set  at32f421_adc.o
    0x080023da   0x080023da   0x0000000a   Code   RO          513    i.adc_ordinary_part_mode_enable  at32f421_adc.o
    0x080023e4   0x080023e4   0x0000000a   Code   RO          514    i.adc_ordinary_software_trigger_enable  at32f421_adc.o
    0x080023ee   0x080023ee   0x00000002   PAD
    0x080023f0   0x080023f0   0x00000014   Code   RO          526    i.adc_tempersensor_vintrv_enable  at32f421_adc.o
    0x08002404   0x08002404   0x00000020   Code   RO          713    i.crm_adc_clock_div_set  at32f421_crm.o
    0x08002424   0x08002424   0x00000014   Code   RO          714    i.crm_ahb_div_set   at32f421_crm.o
    0x08002438   0x08002438   0x00000014   Code   RO          715    i.crm_apb1_div_set  at32f421_crm.o
    0x0800244c   0x0800244c   0x00000014   Code   RO          716    i.crm_apb2_div_set  at32f421_crm.o
    0x08002460   0x08002460   0x00000060   Code   RO          722    i.crm_clock_source_enable  at32f421_crm.o
    0x080024c0   0x080024c0   0x00000030   Code   RO          727    i.crm_flag_get      at32f421_crm.o
    0x080024f0   0x080024f0   0x00000044   Code   RO          737    i.crm_periph_clock_enable  at32f421_crm.o
    0x08002534   0x08002534   0x00000114   Code   RO          740    i.crm_pll_config    at32f421_crm.o
    0x08002648   0x08002648   0x00000064   Code   RO          742    i.crm_reset         at32f421_crm.o
    0x080026ac   0x080026ac   0x0000003c   Code   RO          743    i.crm_sysclk_switch  at32f421_crm.o
    0x080026e8   0x080026e8   0x00000010   Code   RO          744    i.crm_sysclk_switch_status_get  at32f421_crm.o
    0x080026f8   0x080026f8   0x000001d4   Code   RO          466    i.data_conversion   subroutine.o
    0x080028cc   0x080028cc   0x0000000a   Code   RO          954    i.dma_channel_enable  at32f421_dma.o
    0x080028d6   0x080028d6   0x00000018   Code   RO          957    i.dma_default_para_init  at32f421_dma.o
    0x080028ee   0x080028ee   0x00000002   PAD
    0x080028f0   0x080028f0   0x0000000c   Code   RO          958    i.dma_flag_clear    at32f421_dma.o
    0x080028fc   0x080028fc   0x0000005c   Code   RO          960    i.dma_init          at32f421_dma.o
    0x08002958   0x08002958   0x00000012   Code   RO          961    i.dma_interrupt_enable  at32f421_dma.o
    0x0800296a   0x0800296a   0x00000002   PAD
    0x0800296c   0x0800296c   0x0000001c   Code   RO          962    i.dma_interrupt_flag_get  at32f421_dma.o
    0x08002988   0x08002988   0x00000038   Code   RO          963    i.dma_reset         at32f421_dma.o
    0x080029c0   0x080029c0   0x00000200   Code   RO          321    i.fft_to_array      nixietube.o
    0x08002bc0   0x08002bc0   0x0000000c   Code   RO         1044    i.flash_flag_clear  at32f421_flash.o
    0x08002bcc   0x08002bcc   0x00000038   Code   RO         1046    i.flash_halfword_program  at32f421_flash.o
    0x08002c04   0x08002c04   0x00000014   Code   RO         1049    i.flash_lock        at32f421_flash.o
    0x08002c18   0x08002c18   0x00000034   Code   RO         1051    i.flash_operation_status_get  at32f421_flash.o
    0x08002c4c   0x08002c4c   0x00000024   Code   RO         1052    i.flash_operation_wait_for  at32f421_flash.o
    0x08002c70   0x08002c70   0x0000001a   Code   RO          427    i.flash_read        flash.o
    0x08002c8a   0x08002c8a   0x00000002   PAD
    0x08002c8c   0x08002c8c   0x00000040   Code   RO         1053    i.flash_sector_erase  at32f421_flash.o
    0x08002ccc   0x08002ccc   0x00000018   Code   RO         1062    i.flash_unlock      at32f421_flash.o
    0x08002ce4   0x08002ce4   0x00000120   Code   RO          428    i.flash_write       flash.o
    0x08002e04   0x08002e04   0x00000038   Code   RO          429    i.flash_write_nocheck  flash.o
    0x08002e3c   0x08002e3c   0x00000004   Code   RO         1255    i.gpio_bits_reset   at32f421_gpio.o
    0x08002e40   0x08002e40   0x0000000a   Code   RO         1257    i.gpio_bits_write   at32f421_gpio.o
    0x08002e4a   0x08002e4a   0x00000014   Code   RO         1258    i.gpio_default_para_init  at32f421_gpio.o
    0x08002e5e   0x08002e5e   0x0000007a   Code   RO         1259    i.gpio_init         at32f421_gpio.o
    0x08002ed8   0x08002ed8   0x00000012   Code   RO         1260    i.gpio_input_data_bit_read  at32f421_gpio.o
    0x08002eea   0x08002eea   0x00000008   Code   RO         1261    i.gpio_input_data_read  at32f421_gpio.o
    0x08002ef2   0x08002ef2   0x00000002   PAD
    0x08002ef4   0x08002ef4   0x0000015c   Code   RO          248    i.main              main.o
    0x08003050   0x08003050   0x000000c8   Code   RO         1358    i.nvic_irq_enable   at32f421_misc.o
    0x08003118   0x08003118   0x00000028   Code   RO         1360    i.nvic_priority_group_config  at32f421_misc.o
    0x08003140   0x08003140   0x0000006c   Code   RO          467    i.power_action      subroutine.o
    0x080031ac   0x080031ac   0x0000004c   Code   RO         2158    i.sqrt              m_ws.l(sqrt.o)
    0x080031f8   0x080031f8   0x000000bc   Code   RO          322    i.start_countdown   nixietube.o
    0x080032b4   0x080032b4   0x00000154   Code   RO         1944    i.system_core_clock_update  system_at32f421.o
    0x08003408   0x08003408   0x00000020   Code   RO          323    i.table_bits_refresh  nixietube.o
    0x08003428   0x08003428   0x00000010   Code   RO         1583    i.tmr_base_init     at32f421_tmr.o
    0x08003438   0x08003438   0x0000000a   Code   RO         1592    i.tmr_clock_source_div_set  at32f421_tmr.o
    0x08003442   0x08003442   0x0000000a   Code   RO         1593    i.tmr_cnt_dir_set   at32f421_tmr.o
    0x0800344c   0x0800344c   0x0000000a   Code   RO         1594    i.tmr_counter_enable  at32f421_tmr.o
    0x08003456   0x08003456   0x00000006   Code   RO         1606    i.tmr_flag_clear    at32f421_tmr.o
    0x0800345c   0x0800345c   0x00000012   Code   RO         1607    i.tmr_flag_get      at32f421_tmr.o
    0x0800346e   0x0800346e   0x00000016   Code   RO         1615    i.tmr_interrupt_enable  at32f421_tmr.o
    0x08003484   0x08003484   0x0000000a   Code   RO         1629    i.tmr_overflow_request_source_set  at32f421_tmr.o
    0x0800348e   0x0800348e   0x0000000a   Code   RO         1630    i.tmr_period_buffer_enable  at32f421_tmr.o
    0x08003498   0x08003498   0x0000000a   Code   RO         1633    i.tmr_primary_mode_select  at32f421_tmr.o
    0x080034a2   0x080034a2   0x0000000a   Code   RO         1638    i.tmr_sub_sync_mode_set  at32f421_tmr.o
    0x080034ac   0x080034ac   0x00000154   Code   RO          166    i.wk_adc1_init      at32f421_wk_config.o
    0x08003600   0x08003600   0x00000044   Code   RO          167    i.wk_dma1_channel1_init  at32f421_wk_config.o
    0x08003644   0x08003644   0x00000008   Code   RO          168    i.wk_dma_channel_config  at32f421_wk_config.o
    0x0800364c   0x0800364c   0x00000108   Code   RO          169    i.wk_gpio_config    at32f421_wk_config.o
    0x08003754   0x08003754   0x00000032   Code   RO          170    i.wk_nvic_config    at32f421_wk_config.o
    0x08003786   0x08003786   0x00000002   PAD
    0x08003788   0x08003788   0x00000070   Code   RO          171    i.wk_periph_clock_config  at32f421_wk_config.o
    0x080037f8   0x080037f8   0x00000084   Code   RO          172    i.wk_system_clock_config  at32f421_wk_config.o
    0x0800387c   0x0800387c   0x00000034   Code   RO          173    i.wk_tmr14_init     at32f421_wk_config.o
    0x080038b0   0x080038b0   0x00000044   Code   RO          174    i.wk_tmr3_init      at32f421_wk_config.o
    0x080038f4   0x080038f4   0x00000034   Code   RO          175    i.wk_tmr6_init      at32f421_wk_config.o
    0x08003928   0x08003928   0x00000062   Code   RO         2121    x$fpl$d2f           fz_ws.l(d2f.o)
    0x0800398a   0x0800398a   0x00000002   PAD
    0x0800398c   0x0800398c   0x00000154   Code   RO         2127    x$fpl$dmul          fz_ws.l(dmul.o)
    0x08003ae0   0x08003ae0   0x0000009c   Code   RO         2174    x$fpl$dnaninf       fz_ws.l(dnaninf.o)
    0x08003b7c   0x08003b7c   0x0000000c   Code   RO         2176    x$fpl$dretinf       fz_ws.l(dretinf.o)
    0x08003b88   0x08003b88   0x00000198   Code   RO         2178    x$fpl$dsqrt         fz_ws.l(dsqrt_umaal.o)
    0x08003d20   0x08003d20   0x00000056   Code   RO         2129    x$fpl$f2d           fz_ws.l(f2d.o)
    0x08003d76   0x08003d76   0x00000002   PAD
    0x08003d78   0x08003d78   0x000000c4   Code   RO         2131    x$fpl$fadd          fz_ws.l(faddsub_clz.o)
    0x08003e3c   0x08003e3c   0x00000018   Code   RO         2180    x$fpl$fcmpinf       fz_ws.l(fcmpi.o)
    0x08003e54   0x08003e54   0x00000184   Code   RO         2138    x$fpl$fdiv          fz_ws.l(fdiv.o)
    0x08003fd8   0x08003fd8   0x00000036   Code   RO         2141    x$fpl$ffix          fz_ws.l(ffix.o)
    0x0800400e   0x0800400e   0x00000002   PAD
    0x08004010   0x08004010   0x00000030   Code   RO         2146    x$fpl$fflt          fz_ws.l(fflt_clz.o)
    0x08004040   0x08004040   0x00000026   Code   RO         2145    x$fpl$ffltu         fz_ws.l(fflt_clz.o)
    0x08004066   0x08004066   0x00000002   PAD
    0x08004068   0x08004068   0x00000068   Code   RO         2151    x$fpl$fleqf         fz_ws.l(fleqf.o)
    0x080040d0   0x080040d0   0x00000102   Code   RO         2153    x$fpl$fmul          fz_ws.l(fmul.o)
    0x080041d2   0x080041d2   0x0000008c   Code   RO         2182    x$fpl$fnaninf       fz_ws.l(fnaninf.o)
    0x0800425e   0x0800425e   0x0000000a   Code   RO         2184    x$fpl$fretinf       fz_ws.l(fretinf.o)
    0x08004268   0x08004268   0x00000062   Code   RO         2155    x$fpl$frleqf        fz_ws.l(frleqf.o)
    0x080042ca   0x080042ca   0x00000002   PAD
    0x080042cc   0x080042cc   0x000000ea   Code   RO         2133    x$fpl$fsub          fz_ws.l(faddsub_clz.o)
    0x080043b6   0x080043b6   0x00000000   Code   RO         2186    x$fpl$usenofp       fz_ws.l(usenofp.o)
    0x080043b6   0x080043b6   0x00000002   PAD
    0x080043b8   0x080043b8   0x0000000e   Data   RO          250    .constdata          main.o
    0x080043c6   0x080043c6   0x00000015   Data   RO          377    .constdata          adc_sampling.o
    0x080043db   0x080043db   0x00000010   Data   RO         1945    .constdata          system_at32f421.o
    0x080043eb   0x080043eb   0x00000001   PAD
    0x080043ec   0x080043ec   0x00000800   Data   RO         1994    .rodata.armBitRevTable  arm_cortexM4l _math.lib(arm_common_tables.o)
    0x08004bec   0x08004bec   0x00008000   Data   RO         2012    .rodata.twiddleCoef_4096  arm_cortexM4l _math.lib(arm_common_tables.o)
    0x0800cbec   0x0800cbec   0x00000020   Data   RO         2354    Region$$Table       anon$$obj.o


    Execution Region RW_IRAM1 (Exec base: 0x20000000, Load base: 0x0800cc0c, Size: 0x00003f18, Max: 0x00004000, ABSOLUTE)

    Exec Addr    Load Addr    Size         Type   Attr      Idx    E Section Name        Object

    0x20000000   0x0800cc0c   0x00000042   Data   RW          251    .data               main.o
    0x20000042   0x0800cc4e   0x00000002   PAD
    0x20000044   0x0800cc50   0x00000004   Data   RW         1946    .data               system_at32f421.o
    0x20000048        -       0x0000346c   Zero   RW          249    .bss                main.o
    0x200034b4        -       0x00000400   Zero   RW          430    .bss                flash.o
    0x200038b4        -       0x00000060   Zero   RW         2212    .bss                c_w.l(libspace.o)
    0x20003914   0x0800cc54   0x00000004   PAD
    0x20003918        -       0x00000200   Zero   RW         1978    HEAP                startup_at32f421.o
    0x20003b18        -       0x00000400   Zero   RW         1977    STACK               startup_at32f421.o


==============================================================================

Image component sizes


      Code (inc. data)   RO Data    RW Data    ZI Data      Debug   Object Name

      6084        162         21          0          0       7509   adc_sampling.o
       378          6          0          0          0       7705   at32f421_adc.o
       756        120          0          0          0       5967   at32f421_crm.o
       240         16          0          0          0       4153   at32f421_dma.o
       264         38          0          0          0       3849   at32f421_flash.o
       182          0          0          0          0       3763   at32f421_gpio.o
       318         60          0          0          0      54003   at32f421_int.o
       240         18          0          0          0      31954   at32f421_misc.o
       132          0          0          0          0       6424   at32f421_tmr.o
      1146         64          0          0          0       5637   at32f421_wk_config.o
       370          4          0          0       1024       2901   flash.o
       508         58         14         66      13420      20416   main.o
      1892         90          0          0          0       2972   nixietube.o
        64         26        204          0       1536        760   startup_at32f421.o
       576         88          0          0          0       1161   subroutine.o
       448         36         16          4          0       2184   system_at32f421.o

    ----------------------------------------------------------------------
     13616        786        288         72      15980     161358   Object Totals
         0          0         32          0          0          0   (incl. Generated)
        18          0          1          2          0          0   (incl. Padding)

    ----------------------------------------------------------------------

      Code (inc. data)   RO Data    RW Data    ZI Data      Debug   Library Member Name

       190          0          0          0          0       1879   arm_cfft_radix2_init_f32.o
         0          0      34816          0          0       6389   arm_common_tables.o
         8          0          0          0          0         68   __main.o
         0          0          0          0          0          0   __rtentry.o
        12          0          0          0          0          0   __rtentry2.o
         6          0          0          0          0          0   __rtentry4.o
        52          8          0          0          0          0   __scatter.o
        26          0          0          0          0          0   __scatter_copy.o
        28          0          0          0          0          0   __scatter_zi.o
        22          0          0          0          0        100   _rserrno.o
        18          0          0          0          0         80   exit.o
         6          0          0          0          0        152   heapauxi.o
         0          0          0          0          0          0   indicate_semi.o
         2          0          0          0          0          0   libinit.o
         2          0          0          0          0          0   libinit2.o
         2          0          0          0          0          0   libshutdown.o
         2          0          0          0          0          0   libshutdown2.o
         8          4          0          0         96         68   libspace.o
       238          0          0          0          0        100   lludivv7m.o
         8          4          0          0          0         68   rt_errno_addr_intlibspace.o
         2          0          0          0          0          0   rtexit.o
        10          0          0          0          0          0   rtexit2.o
        12          4          0          0          0         68   sys_exit.o
        74          0          0          0          0         80   sys_stackheap_outer.o
         2          0          0          0          0         68   use_no_semi.o
        98          4          0          0          0         92   d2f.o
       340         12          0          0          0        104   dmul.o
       156          4          0          0          0         92   dnaninf.o
        12          0          0          0          0         68   dretinf.o
       408         56          0          0          0        120   dsqrt_umaal.o
        86          4          0          0          0         84   f2d.o
       430          8          0          0          0        168   faddsub_clz.o
        24          0          0          0          0         68   fcmpi.o
       388         76          0          0          0         96   fdiv.o
        54          4          0          0          0         84   ffix.o
        86          0          0          0          0        136   fflt_clz.o
       104          4          0          0          0         84   fleqf.o
       258          4          0          0          0         84   fmul.o
       140          4          0          0          0         84   fnaninf.o
        10          0          0          0          0         68   fretinf.o
        98          0          0          0          0         68   frleqf.o
         0          0          0          0          0          0   usenofp.o
        76          0          0          0          0         84   sqrt.o

    ----------------------------------------------------------------------
      3516        200      34816          0        100      10704   Library Totals
        18          0          0          0          4          0   (incl. Padding)

    ----------------------------------------------------------------------

      Code (inc. data)   RO Data    RW Data    ZI Data      Debug   Library Name

       190          0      34816          0          0       8268   arm_cortexM4l _math.lib
       540         20          0          0         96        852   c_w.l
      2692        180          0          0          0       1500   fz_ws.l
        76          0          0          0          0         84   m_ws.l

    ----------------------------------------------------------------------
      3516        200      34816          0        100      10704   Library Totals

    ----------------------------------------------------------------------

==============================================================================


      Code (inc. data)   RO Data    RW Data    ZI Data      Debug   

     17132        986      35104         72      16080     166078   Grand Totals
     17132        986      35104         72      16080     166078   ELF Image Totals
     17132        986      35104         72          0          0   ROM Totals

==============================================================================

    Total RO  Size (Code + RO Data)                52236 (  51.01kB)
    Total RW  Size (RW Data + ZI Data)             16152 (  15.77kB)
    Total ROM Size (Code + RO Data + RW Data)      52308 (  51.08kB)

==============================================================================

