<html>
<body>
<pre>
<h1>µVision Build Log</h1>
<h2>Tool Versions:</h2>
IDE-Version: ¦ÌVision V5.25.3.0
Copyright (C) 2018 ARM Ltd and ARM Germany GmbH. All rights reserved.
License Information: 1 Administrator, 1, LIC=CZLZX-HMUYZ-Y8TFK-ZVG7U-WRZ7U-6QX4K
 
Tool Versions:
Toolchain:       MDK-ARM Plus  Version: 5.35.0.2
Toolchain Path:  C:\Keil\ARM\ARMCC\Bin
C Compiler:      Armcc.exe V5.06 update 7 (build 960)
Assembler:       Armasm.exe V5.06 update 7 (build 960)
Linker/Locator:  ArmLink.exe V5.06 update 7 (build 960)
Library Manager: ArmAr.exe V5.06 update 7 (build 960)
Hex Converter:   FromElf.exe V5.06 update 7 (build 960)
CPU DLL:         SARMCM3.DLL V5.35.0.2
Dialog DLL:      DCM.DLL V1.17.3.0
Target DLL:      CMSIS_AGDI.dll V1.33.0.0
Dialog DLL:      TCM.DLL V1.53.0.0
 
<h2>Project:</h2>
E:\F421_PROGRAM\XH_3S4X\XH_3S4X\project\MDK_V5\XH_3S4X.uvprojx
Project File Date:  07/04/2024

<h2>Output:</h2>
*** Using Compiler 'V5.06 update 7 (build 960)', folder: 'C:\Keil\ARM\ARMCC\Bin'
Rebuild target 'XH_3S4X'
compiling at32f421_int.c...
compiling at32f421_wk_config.c...
compiling main.c...
compiling nixietube.c...
compiling adc_sampling.c...
compiling flash.c...
compiling subroutine.c...
compiling at32f421_adc.c...
compiling at32f421_crm.c...
compiling at32f421_debug.c...
compiling at32f421_dma.c...
compiling at32f421_flash.c...
compiling at32f421_gpio.c...
compiling at32f421_misc.c...
compiling at32f421_pwc.c...
compiling at32f421_scfg.c...
compiling at32f421_tmr.c...
compiling system_at32f421.c...
assembling startup_at32f421.s...
linking...
Program Size: Code=17132 RO-data=35104 RW-data=72 ZI-data=16080  
FromELF: creating hex file...
".\objects\XH_3S4X.axf" - 0 Error(s), 0 Warning(s).

<h2>Software Packages used:</h2>

Package Vendor: ArteryTek
                
                ArteryTek.AT32F421_DFP.2.1.2
                ArteryTek AT32F421 Series Device Support,Drivers

<h2>Collection of Component include folders:</h2>
  .\RTE\_XH_3S4X
  C:\Keil\ARM\PACK\ArteryTek\AT32F421_DFP\2.1.2\Device\Include

<h2>Collection of Component Files used:</h2>
Build Time Elapsed:  00:00:05
</pre>
</body>
</html>
